  姝ｅ湪纭畾瑕佽繕鍘熺殑椤圭洰鈥?
  鎵€鏈夐」鐩潎鏄渶鏂扮殑锛屾棤娉曡繕鍘熴€?
E:\01_浠ｇ爜浠撳簱\Github\PromptMasterv6\Features\Main\Backup\BackupViewModel.cs(13,7): warning CS0105: 鈥淧romptMasterv6.Infrastructure.Services鈥濈殑 using 鎸囦护浠ュ墠鍦ㄦ鍛藉悕绌洪棿涓嚭鐜拌繃 [E:\01_浠ｇ爜浠撳簱\Github\PromptMasterv6\PromptMasterv6_palzbwfl_wpftmp.csproj]
CSC : error CS5001: 绋嬪簭涓嶅寘鍚€傚悎浜庡叆鍙ｇ偣鐨勯潤鎬?"Main" 鏂规硶 [E:\01_浠ｇ爜浠撳簱\Github\PromptMasterv6\PromptMasterv6_palzbwfl_wpftmp.csproj]
E:\01_浠ｇ爜浠撳簱\Github\PromptMasterv6\Features\Workspace\WorkspaceView.xaml.cs(9,13): error CS0103: 褰撳墠涓婁笅鏂囦腑涓嶅瓨鍦ㄥ悕绉扳€淚nitializeComponent鈥?[E:\01_浠ｇ爜浠撳簱\Github\PromptMasterv6\PromptMasterv6_palzbwfl_wpftmp.csproj]
E:\01_浠ｇ爜浠撳簱\Github\PromptMasterv6\NameInputDialog.xaml.cs(14,13): error CS0103: 褰撳墠涓婁笅鏂囦腑涓嶅瓨鍦ㄥ悕绉扳€淚nitializeComponent鈥?[E:\01_浠ｇ爜浠撳簱\Github\PromptMasterv6\PromptMasterv6_palzbwfl_wpftmp.csproj]
E:\01_浠ｇ爜浠撳簱\Github\PromptMasterv6\NameInputDialog.xaml.cs(17,13): error CS0103: 褰撳墠涓婁笅鏂囦腑涓嶅瓨鍦ㄥ悕绉扳€淚nputBox鈥?[E:\01_浠ｇ爜浠撳簱\Github\PromptMasterv6\PromptMasterv6_palzbwfl_wpftmp.csproj]
E:\01_浠ｇ爜浠撳簱\Github\PromptMasterv6\NameInputDialog.xaml.cs(20,13): error CS0103: 褰撳墠涓婁笅鏂囦腑涓嶅瓨鍦ㄥ悕绉扳€淚nputBox鈥?[E:\01_浠ｇ爜浠撳簱\Github\PromptMasterv6\PromptMasterv6_palzbwfl_wpftmp.csproj]
E:\01_浠ｇ爜浠撳簱\Github\PromptMasterv6\NameInputDialog.xaml.cs(21,13): error CS0103: 褰撳墠涓婁笅鏂囦腑涓嶅瓨鍦ㄥ悕绉扳€淚nputBox鈥?[E:\01_浠ｇ爜浠撳簱\Github\PromptMasterv6\PromptMasterv6_palzbwfl_wpftmp.csproj]
E:\01_浠ｇ爜浠撳簱\Github\PromptMasterv6\NameInputDialog.xaml.cs(24,13): error CS0103: 褰撳墠涓婁笅鏂囦腑涓嶅瓨鍦ㄥ悕绉扳€淥kButton鈥?[E:\01_浠ｇ爜浠撳簱\Github\PromptMasterv6\PromptMasterv6_palzbwfl_wpftmp.csproj]
E:\01_浠ｇ爜浠撳簱\Github\PromptMasterv6\Features\ExternalTools\TranslationPopup.xaml.cs(30,13): error CS0103: 褰撳墠涓婁笅鏂囦腑涓嶅瓨鍦ㄥ悕绉扳€淚nitializeComponent鈥?[E:\01_浠ｇ爜浠撳簱\Github\PromptMasterv6\PromptMasterv6_palzbwfl_wpftmp.csproj]
E:\01_浠ｇ爜浠撳簱\Github\PromptMasterv6\Features\ExternalTools\TranslationPopup.xaml.cs(32,13): error CS0103: 褰撳墠涓婁笅鏂囦腑涓嶅瓨鍦ㄥ悕绉扳€淩esultBox鈥?[E:\01_浠ｇ爜浠撳簱\Github\PromptMasterv6\PromptMasterv6_palzbwfl_wpftmp.csproj]
E:\01_浠ｇ爜浠撳簱\Github\PromptMasterv6\Features\Settings\BackupSelectionDialog.xaml.cs(13,13): error CS0103: 褰撳墠涓婁笅鏂囦腑涓嶅瓨鍦ㄥ悕绉扳€淚nitializeComponent鈥?[E:\01_浠ｇ爜浠撳簱\Github\PromptMasterv6\PromptMasterv6_palzbwfl_wpftmp.csproj]
E:\01_浠ｇ爜浠撳簱\Github\PromptMasterv6\Features\Settings\BackupSelectionDialog.xaml.cs(14,13): error CS0103: 褰撳墠涓婁笅鏂囦腑涓嶅瓨鍦ㄥ悕绉扳€淏ackupList鈥?[E:\01_浠ｇ爜浠撳簱\Github\PromptMasterv6\PromptMasterv6_palzbwfl_wpftmp.csproj]
E:\01_浠ｇ爜浠撳簱\Github\PromptMasterv6\Features\Settings\BackupSelectionDialog.xaml.cs(18,17): error CS0103: 褰撳墠涓婁笅鏂囦腑涓嶅瓨鍦ㄥ悕绉扳€淏ackupList鈥?[E:\01_浠ｇ爜浠撳簱\Github\PromptMasterv6\PromptMasterv6_palzbwfl_wpftmp.csproj]
E:\01_浠ｇ爜浠撳簱\Github\PromptMasterv6\Features\Settings\BackupSelectionDialog.xaml.cs(19,17): error CS0103: 褰撳墠涓婁笅鏂囦腑涓嶅瓨鍦ㄥ悕绉扳€淓mptyState鈥?[E:\01_浠ｇ爜浠撳簱\Github\PromptMasterv6\PromptMasterv6_palzbwfl_wpftmp.csproj]
E:\01_浠ｇ爜浠撳簱\Github\PromptMasterv6\NameInputDialog.xaml.cs(32,17): error CS0103: 褰撳墠涓婁笅鏂囦腑涓嶅瓨鍦ㄥ悕绉扳€淥kButton鈥?[E:\01_浠ｇ爜浠撳簱\Github\PromptMasterv6\PromptMasterv6_palzbwfl_wpftmp.csproj]
E:\01_浠ｇ爜浠撳簱\Github\PromptMasterv6\NameInputDialog.xaml.cs(34,17): error CS0103: 褰撳墠涓婁笅鏂囦腑涓嶅瓨鍦ㄥ悕绉扳€淥kButton鈥?[E:\01_浠ｇ爜浠撳簱\Github\PromptMasterv6\PromptMasterv6_palzbwfl_wpftmp.csproj]
E:\01_浠ｇ爜浠撳簱\Github\PromptMasterv6\NameInputDialog.xaml.cs(34,65): error CS0103: 褰撳墠涓婁笅鏂囦腑涓嶅瓨鍦ㄥ悕绉扳€淚nputBox鈥?[E:\01_浠ｇ爜浠撳簱\Github\PromptMasterv6\PromptMasterv6_palzbwfl_wpftmp.csproj]
E:\01_浠ｇ爜浠撳簱\Github\PromptMasterv6\Features\Settings\BackupSelectionDialog.xaml.cs(25,13): error CS0103: 褰撳墠涓婁笅鏂囦腑涓嶅瓨鍦ㄥ悕绉扳€淩estoreButton鈥?[E:\01_浠ｇ爜浠撳簱\Github\PromptMasterv6\PromptMasterv6_palzbwfl_wpftmp.csproj]
E:\01_浠ｇ爜浠撳簱\Github\PromptMasterv6\Features\Settings\BackupSelectionDialog.xaml.cs(25,39): error CS0103: 褰撳墠涓婁笅鏂囦腑涓嶅瓨鍦ㄥ悕绉扳€淏ackupList鈥?[E:\01_浠ｇ爜浠撳簱\Github\PromptMasterv6\PromptMasterv6_palzbwfl_wpftmp.csproj]
E:\01_浠ｇ爜浠撳簱\Github\PromptMasterv6\Features\Settings\BackupSelectionDialog.xaml.cs(30,17): error CS0103: 褰撳墠涓婁笅鏂囦腑涓嶅瓨鍦ㄥ悕绉扳€淏ackupList鈥?[E:\01_浠ｇ爜浠撳簱\Github\PromptMasterv6\PromptMasterv6_palzbwfl_wpftmp.csproj]
E:\01_浠ｇ爜浠撳簱\Github\PromptMasterv6\NameInputDialog.xaml.cs(41,43): error CS0103: 褰撳墠涓婁笅鏂囦腑涓嶅瓨鍦ㄥ悕绉扳€淚nputBox鈥?[E:\01_浠ｇ爜浠撳簱\Github\PromptMasterv6\PromptMasterv6_palzbwfl_wpftmp.csproj]
E:\01_浠ｇ爜浠撳簱\Github\PromptMasterv6\NameInputDialog.xaml.cs(47,26): error CS0103: 褰撳墠涓婁笅鏂囦腑涓嶅瓨鍦ㄥ悕绉扳€淚nputBox鈥?[E:\01_浠ｇ爜浠撳簱\Github\PromptMasterv6\PromptMasterv6_palzbwfl_wpftmp.csproj]
E:\01_浠ｇ爜浠撳簱\Github\PromptMasterv6\Features\Settings\Window\WindowView.xaml.cs(9,13): error CS0103: 褰撳墠涓婁笅鏂囦腑涓嶅瓨鍦ㄥ悕绉扳€淚nitializeComponent鈥?[E:\01_浠ｇ爜浠撳簱\Github\PromptMasterv6\PromptMasterv6_palzbwfl_wpftmp.csproj]
E:\01_浠ｇ爜浠撳簱\Github\PromptMasterv6\Features\Settings\ApiCredentials\ApiCredentialsView.xaml.cs(9,13): error CS0103: 褰撳墠涓婁笅鏂囦腑涓嶅瓨鍦ㄥ悕绉扳€淚nitializeComponent鈥?[E:\01_浠ｇ爜浠撳簱\Github\PromptMasterv6\PromptMasterv6_palzbwfl_wpftmp.csproj]
E:\01_浠ｇ爜浠撳簱\Github\PromptMasterv6\Features\Settings\Launcher\LauncherView.xaml.cs(9,13): error CS0103: 褰撳墠涓婁笅鏂囦腑涓嶅瓨鍦ㄥ悕绉扳€淚nitializeComponent鈥?[E:\01_浠ｇ爜浠撳簱\Github\PromptMasterv6\PromptMasterv6_palzbwfl_wpftmp.csproj]
E:\01_浠ｇ爜浠撳簱\Github\PromptMasterv6\IconInputDialog.xaml.cs(16,13): error CS0103: 褰撳墠涓婁笅鏂囦腑涓嶅瓨鍦ㄥ悕绉扳€淚nitializeComponent鈥?[E:\01_浠ｇ爜浠撳簱\Github\PromptMasterv6\PromptMasterv6_palzbwfl_wpftmp.csproj]
E:\01_浠ｇ爜浠撳簱\Github\PromptMasterv6\IconInputDialog.xaml.cs(19,13): error CS0103: 褰撳墠涓婁笅鏂囦腑涓嶅瓨鍦ㄥ悕绉扳€淚nputBox鈥?[E:\01_浠ｇ爜浠撳簱\Github\PromptMasterv6\PromptMasterv6_palzbwfl_wpftmp.csproj]
E:\01_浠ｇ爜浠撳簱\Github\PromptMasterv6\IconInputDialog.xaml.cs(22,33): error CS0103: 褰撳墠涓婁笅鏂囦腑涓嶅瓨鍦ㄥ悕绉扳€淚nputBox鈥?[E:\01_浠ｇ爜浠撳簱\Github\PromptMasterv6\PromptMasterv6_palzbwfl_wpftmp.csproj]
E:\01_浠ｇ爜浠撳簱\Github\PromptMasterv6\Features\PinToScreen\PinToScreenWindow.xaml.cs(51,13): error CS0103: 褰撳墠涓婁笅鏂囦腑涓嶅瓨鍦ㄥ悕绉扳€淚nitializeComponent鈥?[E:\01_浠ｇ爜浠撳簱\Github\PromptMasterv6\PromptMasterv6_palzbwfl_wpftmp.csproj]
E:\01_浠ｇ爜浠撳簱\Github\PromptMasterv6\Features\PinToScreen\PinToScreenWindow.xaml.cs(63,13): error CS0103: 褰撳墠涓婁笅鏂囦腑涓嶅瓨鍦ㄥ悕绉扳€淚mageBorder鈥?[E:\01_浠ｇ爜浠撳簱\Github\PromptMasterv6\PromptMasterv6_palzbwfl_wpftmp.csproj]
E:\01_浠ｇ爜浠撳簱\Github\PromptMasterv6\Features\PinToScreen\PinToScreenWindow.xaml.cs(64,13): error CS0103: 褰撳墠涓婁笅鏂囦腑涓嶅瓨鍦ㄥ悕绉扳€淚mageBorder鈥?[E:\01_浠ｇ爜浠撳簱\Github\PromptMasterv6\PromptMasterv6_palzbwfl_wpftmp.csproj]
E:\01_浠ｇ爜浠撳簱\Github\PromptMasterv6\Features\PinToScreen\PinToScreenWindow.xaml.cs(68,17): error CS0103: 褰撳墠涓婁笅鏂囦腑涓嶅瓨鍦ㄥ悕绉扳€淪hadowEffect鈥?[E:\01_浠ｇ爜浠撳簱\Github\PromptMasterv6\PromptMasterv6_palzbwfl_wpftmp.csproj]
E:\01_浠ｇ爜浠撳簱\Github\PromptMasterv6\Features\PinToScreen\PinToScreenWindow.xaml.cs(69,17): error CS0103: 褰撳墠涓婁笅鏂囦腑涓嶅瓨鍦ㄥ悕绉扳€淪hadowEffect鈥?[E:\01_浠ｇ爜浠撳簱\Github\PromptMasterv6\PromptMasterv6_palzbwfl_wpftmp.csproj]
E:\01_浠ｇ爜浠撳簱\Github\PromptMasterv6\Features\PinToScreen\PinToScreenWindow.xaml.cs(72,13): error CS0103: 褰撳墠涓婁笅鏂囦腑涓嶅瓨鍦ㄥ悕绉扳€淧innedImage鈥?[E:\01_浠ｇ爜浠撳簱\Github\PromptMasterv6\PromptMasterv6_palzbwfl_wpftmp.csproj]
E:\01_浠ｇ爜浠撳簱\Github\PromptMasterv6\Features\PinToScreen\PinToScreenWindow.xaml.cs(98,52): error CS0103: 褰撳墠涓婁笅鏂囦腑涓嶅瓨鍦ㄥ悕绉扳€淧innedImage鈥?[E:\01_浠ｇ爜浠撳簱\Github\PromptMasterv6\PromptMasterv6_palzbwfl_wpftmp.csproj]
E:\01_浠ｇ爜浠撳簱\Github\PromptMasterv6\Features\PinToScreen\PinToScreenWindow.xaml.cs(98,107): error CS0103: 褰撳墠涓婁笅鏂囦腑涓嶅瓨鍦ㄥ悕绉扳€淧innedImage鈥?[E:\01_浠ｇ爜浠撳簱\Github\PromptMasterv6\PromptMasterv6_palzbwfl_wpftmp.csproj]
E:\01_浠ｇ爜浠撳簱\Github\PromptMasterv6\IconInputDialog.xaml.cs(29,27): error CS0103: 褰撳墠涓婁笅鏂囦腑涓嶅瓨鍦ㄥ悕绉扳€淚nputBox鈥?[E:\01_浠ｇ爜浠撳簱\Github\PromptMasterv6\PromptMasterv6_palzbwfl_wpftmp.csproj]
E:\01_浠ｇ爜浠撳簱\Github\PromptMasterv6\Features\Settings\Automation\AutomationView.xaml.cs(9,13): error CS0103: 褰撳墠涓婁笅鏂囦腑涓嶅瓨鍦ㄥ悕绉扳€淚nitializeComponent鈥?[E:\01_浠ｇ爜浠撳簱\Github\PromptMasterv6\PromptMasterv6_palzbwfl_wpftmp.csproj]
E:\01_浠ｇ爜浠撳簱\Github\PromptMasterv6\Features\ExternalTools\TranslationPopup.xaml.cs(165,13): error CS0103: 褰撳墠涓婁笅鏂囦腑涓嶅瓨鍦ㄥ悕绉扳€淩esultBox鈥?[E:\01_浠ｇ爜浠撳簱\Github\PromptMasterv6\PromptMasterv6_palzbwfl_wpftmp.csproj]
E:\01_浠ｇ爜浠撳簱\Github\PromptMasterv6\Features\Settings\ExternalTools\ExternalToolsSettingsView.xaml.cs(7,13): error CS0103: 褰撳墠涓婁笅鏂囦腑涓嶅瓨鍦ㄥ悕绉扳€淚nitializeComponent鈥?[E:\01_浠ｇ爜浠撳簱\Github\PromptMasterv6\PromptMasterv6_palzbwfl_wpftmp.csproj]
E:\01_浠ｇ爜浠撳簱\Github\PromptMasterv6\Features\Settings\Proxy\ProxyView.xaml.cs(9,13): error CS0103: 褰撳墠涓婁笅鏂囦腑涓嶅瓨鍦ㄥ悕绉扳€淚nitializeComponent鈥?[E:\01_浠ｇ爜浠撳簱\Github\PromptMasterv6\PromptMasterv6_palzbwfl_wpftmp.csproj]
E:\01_浠ｇ爜浠撳簱\Github\PromptMasterv6\Features\Settings\SettingsView.xaml.cs(10,13): error CS0103: 褰撳墠涓婁笅鏂囦腑涓嶅瓨鍦ㄥ悕绉扳€淚nitializeComponent鈥?[E:\01_浠ｇ爜浠撳簱\Github\PromptMasterv6\PromptMasterv6_palzbwfl_wpftmp.csproj]
E:\01_浠ｇ爜浠撳簱\Github\PromptMasterv6\Features\Settings\AiModels\AiModelsView.xaml.cs(9,13): error CS0103: 褰撳墠涓婁笅鏂囦腑涓嶅瓨鍦ㄥ悕绉扳€淚nitializeComponent鈥?[E:\01_浠ｇ爜浠撳簱\Github\PromptMasterv6\PromptMasterv6_palzbwfl_wpftmp.csproj]
E:\01_浠ｇ爜浠撳簱\Github\PromptMasterv6\Features\Main\Tray\TrayMenuView.xaml.cs(9,9): error CS0103: 褰撳墠涓婁笅鏂囦腑涓嶅瓨鍦ㄥ悕绉扳€淚nitializeComponent鈥?[E:\01_浠ｇ爜浠撳簱\Github\PromptMasterv6\PromptMasterv6_palzbwfl_wpftmp.csproj]
E:\01_浠ｇ爜浠撳簱\Github\PromptMasterv6\Features\Settings\SettingsWindow.xaml.cs(12,13): error CS0103: 褰撳墠涓婁笅鏂囦腑涓嶅瓨鍦ㄥ悕绉扳€淚nitializeComponent鈥?[E:\01_浠ｇ爜浠撳簱\Github\PromptMasterv6\PromptMasterv6_palzbwfl_wpftmp.csproj]
E:\01_浠ｇ爜浠撳簱\Github\PromptMasterv6\Features\Settings\SettingsWindow.xaml.cs(18,13): error CS0103: 褰撳墠涓婁笅鏂囦腑涓嶅瓨鍦ㄥ悕绉扳€淪ettingsViewContent鈥?[E:\01_浠ｇ爜浠撳簱\Github\PromptMasterv6\PromptMasterv6_palzbwfl_wpftmp.csproj]
E:\01_浠ｇ爜浠撳簱\Github\PromptMasterv6\Features\Settings\LaunchBar\LaunchBarView.xaml.cs(9,13): error CS0103: 褰撳墠涓婁笅鏂囦腑涓嶅瓨鍦ㄥ悕绉扳€淚nitializeComponent鈥?[E:\01_浠ｇ爜浠撳簱\Github\PromptMasterv6\PromptMasterv6_palzbwfl_wpftmp.csproj]
E:\01_浠ｇ爜浠撳簱\Github\PromptMasterv6\Features\PinToScreen\PinToScreenWindow.xaml.cs(177,13): error CS0103: 褰撳墠涓婁笅鏂囦腑涓嶅瓨鍦ㄥ悕绉扳€淧innedImage鈥?[E:\01_浠ｇ爜浠撳簱\Github\PromptMasterv6\PromptMasterv6_palzbwfl_wpftmp.csproj]
E:\01_浠ｇ爜浠撳簱\Github\PromptMasterv6\Features\PinToScreen\PinToScreenWindow.xaml.cs(178,13): error CS0103: 褰撳墠涓婁笅鏂囦腑涓嶅瓨鍦ㄥ悕绉扳€淧innedImage鈥?[E:\01_浠ｇ爜浠撳簱\Github\PromptMasterv6\PromptMasterv6_palzbwfl_wpftmp.csproj]
E:\01_浠ｇ爜浠撳簱\Github\PromptMasterv6\Features\PinToScreen\PinToScreenWindow.xaml.cs(202,48): error CS0103: 褰撳墠涓婁笅鏂囦腑涓嶅瓨鍦ㄥ悕绉扳€淧innedImage鈥?[E:\01_浠ｇ爜浠撳簱\Github\PromptMasterv6\PromptMasterv6_palzbwfl_wpftmp.csproj]
E:\01_浠ｇ爜浠撳簱\Github\PromptMasterv6\IconInputDialog.xaml.cs(34,17): error CS0103: 褰撳墠涓婁笅鏂囦腑涓嶅瓨鍦ㄥ悕绉扳€淧reviewPath鈥?[E:\01_浠ｇ爜浠撳簱\Github\PromptMasterv6\PromptMasterv6_palzbwfl_wpftmp.csproj]
E:\01_浠ｇ爜浠撳簱\Github\PromptMasterv6\IconInputDialog.xaml.cs(34,40): error CS0103: 褰撳墠涓婁笅鏂囦腑涓嶅瓨鍦ㄥ悕绉扳€淧reviewBorder鈥?[E:\01_浠ｇ爜浠撳簱\Github\PromptMasterv6\PromptMasterv6_palzbwfl_wpftmp.csproj]
E:\01_浠ｇ爜浠撳簱\Github\PromptMasterv6\IconInputDialog.xaml.cs(39,17): error CS0103: 褰撳墠涓婁笅鏂囦腑涓嶅瓨鍦ㄥ悕绉扳€淧reviewPath鈥?[E:\01_浠ｇ爜浠撳簱\Github\PromptMasterv6\PromptMasterv6_palzbwfl_wpftmp.csproj]
E:\01_浠ｇ爜浠撳簱\Github\PromptMasterv6\IconInputDialog.xaml.cs(40,17): error CS0103: 褰撳墠涓婁笅鏂囦腑涓嶅瓨鍦ㄥ悕绉扳€淧reviewHint鈥?[E:\01_浠ｇ爜浠撳簱\Github\PromptMasterv6\PromptMasterv6_palzbwfl_wpftmp.csproj]
E:\01_浠ｇ爜浠撳簱\Github\PromptMasterv6\IconInputDialog.xaml.cs(41,17): error CS0103: 褰撳墠涓婁笅鏂囦腑涓嶅瓨鍦ㄥ悕绉扳€淓rrorHint鈥?[E:\01_浠ｇ爜浠撳簱\Github\PromptMasterv6\PromptMasterv6_palzbwfl_wpftmp.csproj]
E:\01_浠ｇ爜浠撳簱\Github\PromptMasterv6\IconInputDialog.xaml.cs(42,17): error CS0103: 褰撳墠涓婁笅鏂囦腑涓嶅瓨鍦ㄥ悕绉扳€淧reviewBorder鈥?[E:\01_浠ｇ爜浠撳簱\Github\PromptMasterv6\PromptMasterv6_palzbwfl_wpftmp.csproj]
E:\01_浠ｇ爜浠撳簱\Github\PromptMasterv6\IconInputDialog.xaml.cs(49,21): error CS0103: 褰撳墠涓婁笅鏂囦腑涓嶅瓨鍦ㄥ悕绉扳€淧reviewPath鈥?[E:\01_浠ｇ爜浠撳簱\Github\PromptMasterv6\PromptMasterv6_palzbwfl_wpftmp.csproj]
E:\01_浠ｇ爜浠撳簱\Github\PromptMasterv6\IconInputDialog.xaml.cs(51,21): error CS0103: 褰撳墠涓婁笅鏂囦腑涓嶅瓨鍦ㄥ悕绉扳€淧reviewHint鈥?[E:\01_浠ｇ爜浠撳簱\Github\PromptMasterv6\PromptMasterv6_palzbwfl_wpftmp.csproj]
E:\01_浠ｇ爜浠撳簱\Github\PromptMasterv6\IconInputDialog.xaml.cs(52,21): error CS0103: 褰撳墠涓婁笅鏂囦腑涓嶅瓨鍦ㄥ悕绉扳€淓rrorHint鈥?[E:\01_浠ｇ爜浠撳簱\Github\PromptMasterv6\PromptMasterv6_palzbwfl_wpftmp.csproj]
E:\01_浠ｇ爜浠撳簱\Github\PromptMasterv6\IconInputDialog.xaml.cs(53,21): error CS0103: 褰撳墠涓婁笅鏂囦腑涓嶅瓨鍦ㄥ悕绉扳€淧reviewBorder鈥?[E:\01_浠ｇ爜浠撳簱\Github\PromptMasterv6\PromptMasterv6_palzbwfl_wpftmp.csproj]
E:\01_浠ｇ爜浠撳簱\Github\PromptMasterv6\IconInputDialog.xaml.cs(58,21): error CS0103: 褰撳墠涓婁笅鏂囦腑涓嶅瓨鍦ㄥ悕绉扳€淧reviewPath鈥?[E:\01_浠ｇ爜浠撳簱\Github\PromptMasterv6\PromptMasterv6_palzbwfl_wpftmp.csproj]
E:\01_浠ｇ爜浠撳簱\Github\PromptMasterv6\IconInputDialog.xaml.cs(59,21): error CS0103: 褰撳墠涓婁笅鏂囦腑涓嶅瓨鍦ㄥ悕绉扳€淧reviewHint鈥?[E:\01_浠ｇ爜浠撳簱\Github\PromptMasterv6\PromptMasterv6_palzbwfl_wpftmp.csproj]
E:\01_浠ｇ爜浠撳簱\Github\PromptMasterv6\IconInputDialog.xaml.cs(60,21): error CS0103: 褰撳墠涓婁笅鏂囦腑涓嶅瓨鍦ㄥ悕绉扳€淓rrorHint鈥?[E:\01_浠ｇ爜浠撳簱\Github\PromptMasterv6\PromptMasterv6_palzbwfl_wpftmp.csproj]
E:\01_浠ｇ爜浠撳簱\Github\PromptMasterv6\IconInputDialog.xaml.cs(61,21): error CS0103: 褰撳墠涓婁笅鏂囦腑涓嶅瓨鍦ㄥ悕绉扳€淧reviewBorder鈥?[E:\01_浠ｇ爜浠撳簱\Github\PromptMasterv6\PromptMasterv6_palzbwfl_wpftmp.csproj]
E:\01_浠ｇ爜浠撳簱\Github\PromptMasterv6\IconInputDialog.xaml.cs(71,48): error CS0103: 褰撳墠涓婁笅鏂囦腑涓嶅瓨鍦ㄥ悕绉扳€淚nputBox鈥?[E:\01_浠ｇ爜浠撳簱\Github\PromptMasterv6\PromptMasterv6_palzbwfl_wpftmp.csproj]
E:\01_浠ｇ爜浠撳簱\Github\PromptMasterv6\IconInputDialog.xaml.cs(73,36): error CS0103: 褰撳墠涓婁笅鏂囦腑涓嶅瓨鍦ㄥ悕绉扳€淚nputBox鈥?[E:\01_浠ｇ爜浠撳簱\Github\PromptMasterv6\PromptMasterv6_palzbwfl_wpftmp.csproj]
E:\01_浠ｇ爜浠撳簱\Github\PromptMasterv6\IconInputDialog.xaml.cs(75,34): error CS0103: 褰撳墠涓婁笅鏂囦腑涓嶅瓨鍦ㄥ悕绉扳€淚nputBox鈥?[E:\01_浠ｇ爜浠撳簱\Github\PromptMasterv6\PromptMasterv6_palzbwfl_wpftmp.csproj]
E:\01_浠ｇ爜浠撳簱\Github\PromptMasterv6\IconInputDialog.xaml.cs(86,13): error CS0103: 褰撳墠涓婁笅鏂囦腑涓嶅瓨鍦ㄥ悕绉扳€淚nputBox鈥?[E:\01_浠ｇ爜浠撳簱\Github\PromptMasterv6\PromptMasterv6_palzbwfl_wpftmp.csproj]
E:\01_浠ｇ爜浠撳簱\Github\PromptMasterv6\Features\Settings\Sync\SyncView.xaml.cs(11,13): error CS0103: 褰撳墠涓婁笅鏂囦腑涓嶅瓨鍦ㄥ悕绉扳€淚nitializeComponent鈥?[E:\01_浠ｇ爜浠撳簱\Github\PromptMasterv6\PromptMasterv6_palzbwfl_wpftmp.csproj]
E:\01_浠ｇ爜浠撳簱\Github\PromptMasterv6\Features\Settings\Shortcut\ShortcutView.xaml.cs(9,13): error CS0103: 褰撳墠涓婁笅鏂囦腑涓嶅瓨鍦ㄥ悕绉扳€淚nitializeComponent鈥?[E:\01_浠ｇ爜浠撳簱\Github\PromptMasterv6\PromptMasterv6_palzbwfl_wpftmp.csproj]
E:\01_浠ｇ爜浠撳簱\Github\PromptMasterv6\Features\Main\Components\VariableInputView.xaml.cs(7,13): error CS0103: 褰撳墠涓婁笅鏂囦腑涓嶅瓨鍦ㄥ悕绉扳€淚nitializeComponent鈥?[E:\01_浠ｇ爜浠撳簱\Github\PromptMasterv6\PromptMasterv6_palzbwfl_wpftmp.csproj]
E:\01_浠ｇ爜浠撳簱\Github\PromptMasterv6\Features\Main\Components\SidebarView.xaml.cs(7,13): error CS0103: 褰撳墠涓婁笅鏂囦腑涓嶅瓨鍦ㄥ悕绉扳€淚nitializeComponent鈥?[E:\01_浠ｇ爜浠撳簱\Github\PromptMasterv6\PromptMasterv6_palzbwfl_wpftmp.csproj]
E:\01_浠ｇ爜浠撳簱\Github\PromptMasterv6\Features\Main\Components\FileListView.xaml.cs(12,13): error CS0103: 褰撳墠涓婁笅鏂囦腑涓嶅瓨鍦ㄥ悕绉扳€淚nitializeComponent鈥?[E:\01_浠ｇ爜浠撳簱\Github\PromptMasterv6\PromptMasterv6_palzbwfl_wpftmp.csproj]
E:\01_浠ｇ爜浠撳簱\Github\PromptMasterv6\Features\Settings\Sync\SyncView.xaml.cs(18,17): error CS0103: 褰撳墠涓婁笅鏂囦腑涓嶅瓨鍦ㄥ悕绉扳€淪yncWebDAVTab鈥?[E:\01_浠ｇ爜浠撳簱\Github\PromptMasterv6\PromptMasterv6_palzbwfl_wpftmp.csproj]
E:\01_浠ｇ爜浠撳簱\Github\PromptMasterv6\Features\Settings\Sync\SyncView.xaml.cs(18,51): error CS0103: 褰撳墠涓婁笅鏂囦腑涓嶅瓨鍦ㄥ悕绉扳€淏tnSyncWebDavTab鈥?[E:\01_浠ｇ爜浠撳簱\Github\PromptMasterv6\PromptMasterv6_palzbwfl_wpftmp.csproj]
E:\01_浠ｇ爜浠撳簱\Github\PromptMasterv6\Features\Settings\Sync\SyncView.xaml.cs(19,17): error CS0103: 褰撳墠涓婁笅鏂囦腑涓嶅瓨鍦ㄥ悕绉扳€淪yncDataTab鈥?[E:\01_浠ｇ爜浠撳簱\Github\PromptMasterv6\PromptMasterv6_palzbwfl_wpftmp.csproj]
E:\01_浠ｇ爜浠撳簱\Github\PromptMasterv6\Features\Settings\Sync\SyncView.xaml.cs(19,49): error CS0103: 褰撳墠涓婁笅鏂囦腑涓嶅瓨鍦ㄥ悕绉扳€淏tnSyncDataTab鈥?[E:\01_浠ｇ爜浠撳簱\Github\PromptMasterv6\PromptMasterv6_palzbwfl_wpftmp.csproj]
E:\01_浠ｇ爜浠撳簱\Github\PromptMasterv6\Features\Settings\Sync\SyncView.xaml.cs(20,17): error CS0103: 褰撳墠涓婁笅鏂囦腑涓嶅瓨鍦ㄥ悕绉扳€淪yncLogTab鈥?[E:\01_浠ｇ爜浠撳簱\Github\PromptMasterv6\PromptMasterv6_palzbwfl_wpftmp.csproj]
E:\01_浠ｇ爜浠撳簱\Github\PromptMasterv6\Features\Settings\Sync\SyncView.xaml.cs(20,48): error CS0103: 褰撳墠涓婁笅鏂囦腑涓嶅瓨鍦ㄥ悕绉扳€淏tnSyncLogTab鈥?[E:\01_浠ｇ爜浠撳簱\Github\PromptMasterv6\PromptMasterv6_palzbwfl_wpftmp.csproj]
E:\01_浠ｇ爜浠撳簱\Github\PromptMasterv6\Features\Settings\Sync\SyncView.xaml.cs(22,17): error CS0103: 褰撳墠涓婁笅鏂囦腑涓嶅瓨鍦ㄥ悕绉扳€淏tnSyncWebDavTab鈥?[E:\01_浠ｇ爜浠撳簱\Github\PromptMasterv6\PromptMasterv6_palzbwfl_wpftmp.csproj]
E:\01_浠ｇ爜浠撳簱\Github\PromptMasterv6\Features\Settings\Sync\SyncView.xaml.cs(22,47): error CS0103: 褰撳墠涓婁笅鏂囦腑涓嶅瓨鍦ㄥ悕绉扳€淏tnSyncWebDavTab鈥?[E:\01_浠ｇ爜浠撳簱\Github\PromptMasterv6\PromptMasterv6_palzbwfl_wpftmp.csproj]
E:\01_浠ｇ爜浠撳簱\Github\PromptMasterv6\Features\Settings\Sync\SyncView.xaml.cs(23,17): error CS0103: 褰撳墠涓婁笅鏂囦腑涓嶅瓨鍦ㄥ悕绉扳€淏tnSyncDataTab鈥?[E:\01_浠ｇ爜浠撳簱\Github\PromptMasterv6\PromptMasterv6_palzbwfl_wpftmp.csproj]
E:\01_浠ｇ爜浠撳簱\Github\PromptMasterv6\Features\Settings\Sync\SyncView.xaml.cs(23,45): error CS0103: 褰撳墠涓婁笅鏂囦腑涓嶅瓨鍦ㄥ悕绉扳€淏tnSyncDataTab鈥?[E:\01_浠ｇ爜浠撳簱\Github\PromptMasterv6\PromptMasterv6_palzbwfl_wpftmp.csproj]
E:\01_浠ｇ爜浠撳簱\Github\PromptMasterv6\Features\Settings\Sync\SyncView.xaml.cs(24,17): error CS0103: 褰撳墠涓婁笅鏂囦腑涓嶅瓨鍦ㄥ悕绉扳€淏tnSyncLogTab鈥?[E:\01_浠ｇ爜浠撳簱\Github\PromptMasterv6\PromptMasterv6_palzbwfl_wpftmp.csproj]
E:\01_浠ｇ爜浠撳簱\Github\PromptMasterv6\Features\Settings\Sync\SyncView.xaml.cs(24,44): error CS0103: 褰撳墠涓婁笅鏂囦腑涓嶅瓨鍦ㄥ悕绉扳€淏tnSyncLogTab鈥?[E:\01_浠ｇ爜浠撳簱\Github\PromptMasterv6\PromptMasterv6_palzbwfl_wpftmp.csproj]
E:\01_浠ｇ爜浠撳簱\Github\PromptMasterv6\Features\Launcher\LauncherWindow.xaml.cs(18,13): error CS0103: 褰撳墠涓婁笅鏂囦腑涓嶅瓨鍦ㄥ悕绉扳€淚nitializeComponent鈥?[E:\01_浠ｇ爜浠撳簱\Github\PromptMasterv6\PromptMasterv6_palzbwfl_wpftmp.csproj]
E:\01_浠ｇ爜浠撳簱\Github\PromptMasterv6\Features\Shared\Dialogs\ConfirmationDialog.xaml.cs(11,13): error CS0103: 褰撳墠涓婁笅鏂囦腑涓嶅瓨鍦ㄥ悕绉扳€淚nitializeComponent鈥?[E:\01_浠ｇ爜浠撳簱\Github\PromptMasterv6\PromptMasterv6_palzbwfl_wpftmp.csproj]
E:\01_浠ｇ爜浠撳簱\Github\PromptMasterv6\Features\Main\ContentEditor\ContentEditorView.xaml.cs(11,13): error CS0103: 褰撳墠涓婁笅鏂囦腑涓嶅瓨鍦ㄥ悕绉扳€淚nitializeComponent鈥?[E:\01_浠ｇ爜浠撳簱\Github\PromptMasterv6\PromptMasterv6_palzbwfl_wpftmp.csproj]
E:\01_浠ｇ爜浠撳簱\Github\PromptMasterv6\Features\Main\ContentEditor\ContentEditorView.xaml.cs(28,24): error CS0103: 褰撳墠涓婁笅鏂囦腑涓嶅瓨鍦ㄥ悕绉扳€淐ontentEditorTextBox鈥?[E:\01_浠ｇ爜浠撳簱\Github\PromptMasterv6\PromptMasterv6_palzbwfl_wpftmp.csproj]
E:\01_浠ｇ爜浠撳簱\Github\PromptMasterv6\Features\Main\ContentEditor\ContentEditorView.xaml.cs(30,17): error CS0103: 褰撳墠涓婁笅鏂囦腑涓嶅瓨鍦ㄥ悕绉扳€淐ontentEditorTextBox鈥?[E:\01_浠ｇ爜浠撳簱\Github\PromptMasterv6\PromptMasterv6_palzbwfl_wpftmp.csproj]
E:\01_浠ｇ爜浠撳簱\Github\PromptMasterv6\Features\Main\ContentEditor\ContentEditorView.xaml.cs(30,49): error CS0103: 褰撳墠涓婁笅鏂囦腑涓嶅瓨鍦ㄥ悕绉扳€淐ontentEditorTextBox鈥?[E:\01_浠ｇ爜浠撳簱\Github\PromptMasterv6\PromptMasterv6_palzbwfl_wpftmp.csproj]
E:\01_浠ｇ爜浠撳簱\Github\PromptMasterv6\Features\Launcher\LauncherWindow.xaml.cs(86,21): error CS0103: 褰撳墠涓婁笅鏂囦腑涓嶅瓨鍦ㄥ悕绉扳€淭abTool鈥?[E:\01_浠ｇ爜浠撳簱\Github\PromptMasterv6\PromptMasterv6_palzbwfl_wpftmp.csproj]
E:\01_浠ｇ爜浠撳簱\Github\PromptMasterv6\Features\Launcher\LauncherWindow.xaml.cs(86,48): error CS0103: 褰撳墠涓婁笅鏂囦腑涓嶅瓨鍦ㄥ悕绉扳€淭abApplication鈥?[E:\01_浠ｇ爜浠撳簱\Github\PromptMasterv6\PromptMasterv6_palzbwfl_wpftmp.csproj]
E:\01_浠ｇ爜浠撳簱\Github\PromptMasterv6\Features\Launcher\LauncherWindow.xaml.cs(87,26): error CS0103: 褰撳墠涓婁笅鏂囦腑涓嶅瓨鍦ㄥ悕绉扳€淭abApplication鈥?[E:\01_浠ｇ爜浠撳簱\Github\PromptMasterv6\PromptMasterv6_palzbwfl_wpftmp.csproj]
E:\01_浠ｇ爜浠撳簱\Github\PromptMasterv6\Features\Launcher\LauncherWindow.xaml.cs(87,60): error CS0103: 褰撳墠涓婁笅鏂囦腑涓嶅瓨鍦ㄥ悕绉扳€淭abBookmark鈥?[E:\01_浠ｇ爜浠撳簱\Github\PromptMasterv6\PromptMasterv6_palzbwfl_wpftmp.csproj]
E:\01_浠ｇ爜浠撳簱\Github\PromptMasterv6\Features\Launcher\LauncherWindow.xaml.cs(88,26): error CS0103: 褰撳墠涓婁笅鏂囦腑涓嶅瓨鍦ㄥ悕绉扳€淭abBookmark鈥?[E:\01_浠ｇ爜浠撳簱\Github\PromptMasterv6\PromptMasterv6_palzbwfl_wpftmp.csproj]
E:\01_浠ｇ爜浠撳簱\Github\PromptMasterv6\Features\Launcher\LauncherWindow.xaml.cs(88,57): error CS0103: 褰撳墠涓婁笅鏂囦腑涓嶅瓨鍦ㄥ悕绉扳€淭abTool鈥?[E:\01_浠ｇ爜浠撳簱\Github\PromptMasterv6\PromptMasterv6_palzbwfl_wpftmp.csproj]
E:\01_浠ｇ爜浠撳簱\Github\PromptMasterv6\Features\Launcher\LauncherWindow.xaml.cs(92,21): error CS0103: 褰撳墠涓婁笅鏂囦腑涓嶅瓨鍦ㄥ悕绉扳€淭abBookmark鈥?[E:\01_浠ｇ爜浠撳簱\Github\PromptMasterv6\PromptMasterv6_palzbwfl_wpftmp.csproj]
E:\01_浠ｇ爜浠撳簱\Github\PromptMasterv6\Features\Launcher\LauncherWindow.xaml.cs(92,52): error CS0103: 褰撳墠涓婁笅鏂囦腑涓嶅瓨鍦ㄥ悕绉扳€淭abApplication鈥?[E:\01_浠ｇ爜浠撳簱\Github\PromptMasterv6\PromptMasterv6_palzbwfl_wpftmp.csproj]
E:\01_浠ｇ爜浠撳簱\Github\PromptMasterv6\Features\Launcher\LauncherWindow.xaml.cs(93,26): error CS0103: 褰撳墠涓婁笅鏂囦腑涓嶅瓨鍦ㄥ悕绉扳€淭abApplication鈥?[E:\01_浠ｇ爜浠撳簱\Github\PromptMasterv6\PromptMasterv6_palzbwfl_wpftmp.csproj]
E:\01_浠ｇ爜浠撳簱\Github\PromptMasterv6\Features\Launcher\LauncherWindow.xaml.cs(93,60): error CS0103: 褰撳墠涓婁笅鏂囦腑涓嶅瓨鍦ㄥ悕绉扳€淭abTool鈥?[E:\01_浠ｇ爜浠撳簱\Github\PromptMasterv6\PromptMasterv6_palzbwfl_wpftmp.csproj]
E:\01_浠ｇ爜浠撳簱\Github\PromptMasterv6\Features\Launcher\LauncherWindow.xaml.cs(94,26): error CS0103: 褰撳墠涓婁笅鏂囦腑涓嶅瓨鍦ㄥ悕绉扳€淭abTool鈥?[E:\01_浠ｇ爜浠撳簱\Github\PromptMasterv6\PromptMasterv6_palzbwfl_wpftmp.csproj]
E:\01_浠ｇ爜浠撳簱\Github\PromptMasterv6\Features\Launcher\LauncherWindow.xaml.cs(94,53): error CS0103: 褰撳墠涓婁笅鏂囦腑涓嶅瓨鍦ㄥ悕绉扳€淭abBookmark鈥?[E:\01_浠ｇ爜浠撳簱\Github\PromptMasterv6\PromptMasterv6_palzbwfl_wpftmp.csproj]
E:\01_浠ｇ爜浠撳簱\Github\PromptMasterv6\Features\ExternalTools\Dialogs\OcrNotConfiguredDialog.xaml.cs(9,13): error CS0103: 褰撳墠涓婁笅鏂囦腑涓嶅瓨鍦ㄥ悕绉扳€淚nitializeComponent鈥?[E:\01_浠ｇ爜浠撳簱\Github\PromptMasterv6\PromptMasterv6_palzbwfl_wpftmp.csproj]
E:\01_浠ｇ爜浠撳簱\Github\PromptMasterv6\Features\ExternalTools\ScreenCaptureOverlay.xaml.cs(34,13): error CS0103: 褰撳墠涓婁笅鏂囦腑涓嶅瓨鍦ㄥ悕绉扳€淚nitializeComponent鈥?[E:\01_浠ｇ爜浠撳簱\Github\PromptMasterv6\PromptMasterv6_palzbwfl_wpftmp.csproj]
E:\01_浠ｇ爜浠撳簱\Github\PromptMasterv6\Features\ExternalTools\ScreenCaptureOverlay.xaml.cs(103,41): error CS0103: 褰撳墠涓婁笅鏂囦腑涓嶅瓨鍦ㄥ悕绉扳€淪electionCanvas鈥?[E:\01_浠ｇ爜浠撳簱\Github\PromptMasterv6\PromptMasterv6_palzbwfl_wpftmp.csproj]
E:\01_浠ｇ爜浠撳簱\Github\PromptMasterv6\Features\ExternalTools\ScreenCaptureOverlay.xaml.cs(106,28): error CS0103: 褰撳墠涓婁笅鏂囦腑涓嶅瓨鍦ㄥ悕绉扳€淪electionRect鈥?[E:\01_浠ｇ爜浠撳簱\Github\PromptMasterv6\PromptMasterv6_palzbwfl_wpftmp.csproj]
E:\01_浠ｇ爜浠撳簱\Github\PromptMasterv6\Features\ExternalTools\ScreenCaptureOverlay.xaml.cs(107,27): error CS0103: 褰撳墠涓婁笅鏂囦腑涓嶅瓨鍦ㄥ悕绉扳€淪electionRect鈥?[E:\01_浠ｇ爜浠撳簱\Github\PromptMasterv6\PromptMasterv6_palzbwfl_wpftmp.csproj]
E:\01_浠ｇ爜浠撳簱\Github\PromptMasterv6\Features\ExternalTools\ScreenCaptureOverlay.xaml.cs(108,13): error CS0103: 褰撳墠涓婁笅鏂囦腑涓嶅瓨鍦ㄥ悕绉扳€淪electionRect鈥?[E:\01_浠ｇ爜浠撳簱\Github\PromptMasterv6\PromptMasterv6_palzbwfl_wpftmp.csproj]
E:\01_浠ｇ爜浠撳簱\Github\PromptMasterv6\Features\ExternalTools\ScreenCaptureOverlay.xaml.cs(109,13): error CS0103: 褰撳墠涓婁笅鏂囦腑涓嶅瓨鍦ㄥ悕绉扳€淪electionRect鈥?[E:\01_浠ｇ爜浠撳簱\Github\PromptMasterv6\PromptMasterv6_palzbwfl_wpftmp.csproj]
E:\01_浠ｇ爜浠撳簱\Github\PromptMasterv6\Features\ExternalTools\ScreenCaptureOverlay.xaml.cs(110,13): error CS0103: 褰撳墠涓婁笅鏂囦腑涓嶅瓨鍦ㄥ悕绉扳€淪electionRect鈥?[E:\01_浠ｇ爜浠撳簱\Github\PromptMasterv6\PromptMasterv6_palzbwfl_wpftmp.csproj]
E:\01_浠ｇ爜浠撳簱\Github\PromptMasterv6\Features\ExternalTools\ScreenCaptureOverlay.xaml.cs(112,13): error CS0103: 褰撳墠涓婁笅鏂囦腑涓嶅瓨鍦ㄥ悕绉扳€淪electionCanvas鈥?[E:\01_浠ｇ爜浠撳簱\Github\PromptMasterv6\PromptMasterv6_palzbwfl_wpftmp.csproj]
E:\01_浠ｇ爜浠撳簱\Github\PromptMasterv6\Features\Main\MainWindow.xaml.cs(44,13): error CS0103: 褰撳墠涓婁笅鏂囦腑涓嶅瓨鍦ㄥ悕绉扳€淚nitializeComponent鈥?[E:\01_浠ｇ爜浠撳簱\Github\PromptMasterv6\PromptMasterv6_palzbwfl_wpftmp.csproj]
E:\01_浠ｇ爜浠撳簱\Github\PromptMasterv6\Features\ExternalTools\ScreenCaptureOverlay.xaml.cs(119,46): error CS0103: 褰撳墠涓婁笅鏂囦腑涓嶅瓨鍦ㄥ悕绉扳€淪electionCanvas鈥?[E:\01_浠ｇ爜浠撳簱\Github\PromptMasterv6\PromptMasterv6_palzbwfl_wpftmp.csproj]
E:\01_浠ｇ爜浠撳簱\Github\PromptMasterv6\Features\ExternalTools\ScreenCaptureOverlay.xaml.cs(126,28): error CS0103: 褰撳墠涓婁笅鏂囦腑涓嶅瓨鍦ㄥ悕绉扳€淪electionRect鈥?[E:\01_浠ｇ爜浠撳簱\Github\PromptMasterv6\PromptMasterv6_palzbwfl_wpftmp.csproj]
E:\01_浠ｇ爜浠撳簱\Github\PromptMasterv6\Features\ExternalTools\ScreenCaptureOverlay.xaml.cs(127,27): error CS0103: 褰撳墠涓婁笅鏂囦腑涓嶅瓨鍦ㄥ悕绉扳€淪electionRect鈥?[E:\01_浠ｇ爜浠撳簱\Github\PromptMasterv6\PromptMasterv6_palzbwfl_wpftmp.csproj]
E:\01_浠ｇ爜浠撳簱\Github\PromptMasterv6\Features\ExternalTools\ScreenCaptureOverlay.xaml.cs(128,13): error CS0103: 褰撳墠涓婁笅鏂囦腑涓嶅瓨鍦ㄥ悕绉扳€淪electionRect鈥?[E:\01_浠ｇ爜浠撳簱\Github\PromptMasterv6\PromptMasterv6_palzbwfl_wpftmp.csproj]
E:\01_浠ｇ爜浠撳簱\Github\PromptMasterv6\Features\ExternalTools\ScreenCaptureOverlay.xaml.cs(129,13): error CS0103: 褰撳墠涓婁笅鏂囦腑涓嶅瓨鍦ㄥ悕绉扳€淪electionRect鈥?[E:\01_浠ｇ爜浠撳簱\Github\PromptMasterv6\PromptMasterv6_palzbwfl_wpftmp.csproj]
E:\01_浠ｇ爜浠撳簱\Github\PromptMasterv6\Features\ExternalTools\ScreenCaptureOverlay.xaml.cs(138,13): error CS0103: 褰撳墠涓婁笅鏂囦腑涓嶅瓨鍦ㄥ悕绉扳€淪electionCanvas鈥?[E:\01_浠ｇ爜浠撳簱\Github\PromptMasterv6\PromptMasterv6_palzbwfl_wpftmp.csproj]
E:\01_浠ｇ爜浠撳簱\Github\PromptMasterv6\Features\ExternalTools\ScreenCaptureOverlay.xaml.cs(141,39): error CS0103: 褰撳墠涓婁笅鏂囦腑涓嶅瓨鍦ㄥ悕绉扳€淪electionRect鈥?[E:\01_浠ｇ爜浠撳簱\Github\PromptMasterv6\PromptMasterv6_palzbwfl_wpftmp.csproj]
E:\01_浠ｇ爜浠撳簱\Github\PromptMasterv6\Features\ExternalTools\ScreenCaptureOverlay.xaml.cs(142,38): error CS0103: 褰撳墠涓婁笅鏂囦腑涓嶅瓨鍦ㄥ悕绉扳€淪electionRect鈥?[E:\01_浠ｇ爜浠撳簱\Github\PromptMasterv6\PromptMasterv6_palzbwfl_wpftmp.csproj]
E:\01_浠ｇ爜浠撳簱\Github\PromptMasterv6\Features\ExternalTools\ScreenCaptureOverlay.xaml.cs(143,28): error CS0103: 褰撳墠涓婁笅鏂囦腑涓嶅瓨鍦ㄥ悕绉扳€淪electionRect鈥?[E:\01_浠ｇ爜浠撳簱\Github\PromptMasterv6\PromptMasterv6_palzbwfl_wpftmp.csproj]
E:\01_浠ｇ爜浠撳簱\Github\PromptMasterv6\Features\ExternalTools\ScreenCaptureOverlay.xaml.cs(144,29): error CS0103: 褰撳墠涓婁笅鏂囦腑涓嶅瓨鍦ㄥ悕绉扳€淪electionRect鈥?[E:\01_浠ｇ爜浠撳簱\Github\PromptMasterv6\PromptMasterv6_palzbwfl_wpftmp.csproj]
E:\01_浠ｇ爜浠撳簱\Github\PromptMasterv6\Features\ExternalTools\ScreenCaptureOverlay.xaml.cs(188,13): error CS0103: 褰撳墠涓婁笅鏂囦腑涓嶅瓨鍦ㄥ悕绉扳€淪electionCanvas鈥?[E:\01_浠ｇ爜浠撳簱\Github\PromptMasterv6\PromptMasterv6_palzbwfl_wpftmp.csproj]
E:\01_浠ｇ爜浠撳簱\Github\PromptMasterv6\Features\ExternalTools\ScreenCaptureOverlay.xaml.cs(190,43): error CS0103: 褰撳墠涓婁笅鏂囦腑涓嶅瓨鍦ㄥ悕绉扳€淪electionRect鈥?[E:\01_浠ｇ爜浠撳簱\Github\PromptMasterv6\PromptMasterv6_palzbwfl_wpftmp.csproj]
E:\01_浠ｇ爜浠撳簱\Github\PromptMasterv6\Features\ExternalTools\ScreenCaptureOverlay.xaml.cs(191,42): error CS0103: 褰撳墠涓婁笅鏂囦腑涓嶅瓨鍦ㄥ悕绉扳€淪electionRect鈥?[E:\01_浠ｇ爜浠撳簱\Github\PromptMasterv6\PromptMasterv6_palzbwfl_wpftmp.csproj]
E:\01_浠ｇ爜浠撳簱\Github\PromptMasterv6\Features\ExternalTools\ScreenCaptureOverlay.xaml.cs(192,28): error CS0103: 褰撳墠涓婁笅鏂囦腑涓嶅瓨鍦ㄥ悕绉扳€淪electionRect鈥?[E:\01_浠ｇ爜浠撳簱\Github\PromptMasterv6\PromptMasterv6_palzbwfl_wpftmp.csproj]
E:\01_浠ｇ爜浠撳簱\Github\PromptMasterv6\Features\ExternalTools\ScreenCaptureOverlay.xaml.cs(193,28): error CS0103: 褰撳墠涓婁笅鏂囦腑涓嶅瓨鍦ㄥ悕绉扳€淪electionRect鈥?[E:\01_浠ｇ爜浠撳簱\Github\PromptMasterv6\PromptMasterv6_palzbwfl_wpftmp.csproj]
E:\01_浠ｇ爜浠撳簱\Github\PromptMasterv6\Features\ExternalTools\ScreenCaptureOverlay.xaml.cs(195,13): error CS0103: 褰撳墠涓婁笅鏂囦腑涓嶅瓨鍦ㄥ悕绉扳€淪electionRect鈥?[E:\01_浠ｇ爜浠撳簱\Github\PromptMasterv6\PromptMasterv6_palzbwfl_wpftmp.csproj]
E:\01_浠ｇ爜浠撳簱\Github\PromptMasterv6\Features\ExternalTools\ScreenCaptureOverlay.xaml.cs(197,28): error CS0103: 褰撳墠涓婁笅鏂囦腑涓嶅瓨鍦ㄥ悕绉扳€淟oadingSpinner鈥?[E:\01_浠ｇ爜浠撳簱\Github\PromptMasterv6\PromptMasterv6_palzbwfl_wpftmp.csproj]
E:\01_浠ｇ爜浠撳簱\Github\PromptMasterv6\Features\ExternalTools\ScreenCaptureOverlay.xaml.cs(198,27): error CS0103: 褰撳墠涓婁笅鏂囦腑涓嶅瓨鍦ㄥ悕绉扳€淟oadingSpinner鈥?[E:\01_浠ｇ爜浠撳簱\Github\PromptMasterv6\PromptMasterv6_palzbwfl_wpftmp.csproj]
E:\01_浠ｇ爜浠撳簱\Github\PromptMasterv6\Features\ExternalTools\ScreenCaptureOverlay.xaml.cs(199,13): error CS0103: 褰撳墠涓婁笅鏂囦腑涓嶅瓨鍦ㄥ悕绉扳€淟oadingSpinner鈥?[E:\01_浠ｇ爜浠撳簱\Github\PromptMasterv6\PromptMasterv6_palzbwfl_wpftmp.csproj]
E:\01_浠ｇ爜浠撳簱\Github\PromptMasterv6\Features\Main\LaunchBarWindow.xaml.cs(23,13): error CS0103: 褰撳墠涓婁笅鏂囦腑涓嶅瓨鍦ㄥ悕绉扳€淚nitializeComponent鈥?[E:\01_浠ｇ爜浠撳簱\Github\PromptMasterv6\PromptMasterv6_palzbwfl_wpftmp.csproj]

鐢熸垚澶辫触銆?

E:\01_浠ｇ爜浠撳簱\Github\PromptMasterv6\Features\Main\Backup\BackupViewModel.cs(13,7): warning CS0105: 鈥淧romptMasterv6.Infrastructure.Services鈥濈殑 using 鎸囦护浠ュ墠鍦ㄦ鍛藉悕绌洪棿涓嚭鐜拌繃 [E:\01_浠ｇ爜浠撳簱\Github\PromptMasterv6\PromptMasterv6_palzbwfl_wpftmp.csproj]
CSC : error CS5001: 绋嬪簭涓嶅寘鍚€傚悎浜庡叆鍙ｇ偣鐨勯潤鎬?"Main" 鏂规硶 [E:\01_浠ｇ爜浠撳簱\Github\PromptMasterv6\PromptMasterv6_palzbwfl_wpftmp.csproj]
E:\01_浠ｇ爜浠撳簱\Github\PromptMasterv6\Features\Workspace\WorkspaceView.xaml.cs(9,13): error CS0103: 褰撳墠涓婁笅鏂囦腑涓嶅瓨鍦ㄥ悕绉扳€淚nitializeComponent鈥?[E:\01_浠ｇ爜浠撳簱\Github\PromptMasterv6\PromptMasterv6_palzbwfl_wpftmp.csproj]
E:\01_浠ｇ爜浠撳簱\Github\PromptMasterv6\NameInputDialog.xaml.cs(14,13): error CS0103: 褰撳墠涓婁笅鏂囦腑涓嶅瓨鍦ㄥ悕绉扳€淚nitializeComponent鈥?[E:\01_浠ｇ爜浠撳簱\Github\PromptMasterv6\PromptMasterv6_palzbwfl_wpftmp.csproj]
E:\01_浠ｇ爜浠撳簱\Github\PromptMasterv6\NameInputDialog.xaml.cs(17,13): error CS0103: 褰撳墠涓婁笅鏂囦腑涓嶅瓨鍦ㄥ悕绉扳€淚nputBox鈥?[E:\01_浠ｇ爜浠撳簱\Github\PromptMasterv6\PromptMasterv6_palzbwfl_wpftmp.csproj]
E:\01_浠ｇ爜浠撳簱\Github\PromptMasterv6\NameInputDialog.xaml.cs(20,13): error CS0103: 褰撳墠涓婁笅鏂囦腑涓嶅瓨鍦ㄥ悕绉扳€淚nputBox鈥?[E:\01_浠ｇ爜浠撳簱\Github\PromptMasterv6\PromptMasterv6_palzbwfl_wpftmp.csproj]
E:\01_浠ｇ爜浠撳簱\Github\PromptMasterv6\NameInputDialog.xaml.cs(21,13): error CS0103: 褰撳墠涓婁笅鏂囦腑涓嶅瓨鍦ㄥ悕绉扳€淚nputBox鈥?[E:\01_浠ｇ爜浠撳簱\Github\PromptMasterv6\PromptMasterv6_palzbwfl_wpftmp.csproj]
E:\01_浠ｇ爜浠撳簱\Github\PromptMasterv6\NameInputDialog.xaml.cs(24,13): error CS0103: 褰撳墠涓婁笅鏂囦腑涓嶅瓨鍦ㄥ悕绉扳€淥kButton鈥?[E:\01_浠ｇ爜浠撳簱\Github\PromptMasterv6\PromptMasterv6_palzbwfl_wpftmp.csproj]
E:\01_浠ｇ爜浠撳簱\Github\PromptMasterv6\Features\ExternalTools\TranslationPopup.xaml.cs(30,13): error CS0103: 褰撳墠涓婁笅鏂囦腑涓嶅瓨鍦ㄥ悕绉扳€淚nitializeComponent鈥?[E:\01_浠ｇ爜浠撳簱\Github\PromptMasterv6\PromptMasterv6_palzbwfl_wpftmp.csproj]
E:\01_浠ｇ爜浠撳簱\Github\PromptMasterv6\Features\ExternalTools\TranslationPopup.xaml.cs(32,13): error CS0103: 褰撳墠涓婁笅鏂囦腑涓嶅瓨鍦ㄥ悕绉扳€淩esultBox鈥?[E:\01_浠ｇ爜浠撳簱\Github\PromptMasterv6\PromptMasterv6_palzbwfl_wpftmp.csproj]
E:\01_浠ｇ爜浠撳簱\Github\PromptMasterv6\Features\Settings\BackupSelectionDialog.xaml.cs(13,13): error CS0103: 褰撳墠涓婁笅鏂囦腑涓嶅瓨鍦ㄥ悕绉扳€淚nitializeComponent鈥?[E:\01_浠ｇ爜浠撳簱\Github\PromptMasterv6\PromptMasterv6_palzbwfl_wpftmp.csproj]
E:\01_浠ｇ爜浠撳簱\Github\PromptMasterv6\Features\Settings\BackupSelectionDialog.xaml.cs(14,13): error CS0103: 褰撳墠涓婁笅鏂囦腑涓嶅瓨鍦ㄥ悕绉扳€淏ackupList鈥?[E:\01_浠ｇ爜浠撳簱\Github\PromptMasterv6\PromptMasterv6_palzbwfl_wpftmp.csproj]
E:\01_浠ｇ爜浠撳簱\Github\PromptMasterv6\Features\Settings\BackupSelectionDialog.xaml.cs(18,17): error CS0103: 褰撳墠涓婁笅鏂囦腑涓嶅瓨鍦ㄥ悕绉扳€淏ackupList鈥?[E:\01_浠ｇ爜浠撳簱\Github\PromptMasterv6\PromptMasterv6_palzbwfl_wpftmp.csproj]
E:\01_浠ｇ爜浠撳簱\Github\PromptMasterv6\Features\Settings\BackupSelectionDialog.xaml.cs(19,17): error CS0103: 褰撳墠涓婁笅鏂囦腑涓嶅瓨鍦ㄥ悕绉扳€淓mptyState鈥?[E:\01_浠ｇ爜浠撳簱\Github\PromptMasterv6\PromptMasterv6_palzbwfl_wpftmp.csproj]
E:\01_浠ｇ爜浠撳簱\Github\PromptMasterv6\NameInputDialog.xaml.cs(32,17): error CS0103: 褰撳墠涓婁笅鏂囦腑涓嶅瓨鍦ㄥ悕绉扳€淥kButton鈥?[E:\01_浠ｇ爜浠撳簱\Github\PromptMasterv6\PromptMasterv6_palzbwfl_wpftmp.csproj]
E:\01_浠ｇ爜浠撳簱\Github\PromptMasterv6\NameInputDialog.xaml.cs(34,17): error CS0103: 褰撳墠涓婁笅鏂囦腑涓嶅瓨鍦ㄥ悕绉扳€淥kButton鈥?[E:\01_浠ｇ爜浠撳簱\Github\PromptMasterv6\PromptMasterv6_palzbwfl_wpftmp.csproj]
E:\01_浠ｇ爜浠撳簱\Github\PromptMasterv6\NameInputDialog.xaml.cs(34,65): error CS0103: 褰撳墠涓婁笅鏂囦腑涓嶅瓨鍦ㄥ悕绉扳€淚nputBox鈥?[E:\01_浠ｇ爜浠撳簱\Github\PromptMasterv6\PromptMasterv6_palzbwfl_wpftmp.csproj]
E:\01_浠ｇ爜浠撳簱\Github\PromptMasterv6\Features\Settings\BackupSelectionDialog.xaml.cs(25,13): error CS0103: 褰撳墠涓婁笅鏂囦腑涓嶅瓨鍦ㄥ悕绉扳€淩estoreButton鈥?[E:\01_浠ｇ爜浠撳簱\Github\PromptMasterv6\PromptMasterv6_palzbwfl_wpftmp.csproj]
E:\01_浠ｇ爜浠撳簱\Github\PromptMasterv6\Features\Settings\BackupSelectionDialog.xaml.cs(25,39): error CS0103: 褰撳墠涓婁笅鏂囦腑涓嶅瓨鍦ㄥ悕绉扳€淏ackupList鈥?[E:\01_浠ｇ爜浠撳簱\Github\PromptMasterv6\PromptMasterv6_palzbwfl_wpftmp.csproj]
E:\01_浠ｇ爜浠撳簱\Github\PromptMasterv6\Features\Settings\BackupSelectionDialog.xaml.cs(30,17): error CS0103: 褰撳墠涓婁笅鏂囦腑涓嶅瓨鍦ㄥ悕绉扳€淏ackupList鈥?[E:\01_浠ｇ爜浠撳簱\Github\PromptMasterv6\PromptMasterv6_palzbwfl_wpftmp.csproj]
E:\01_浠ｇ爜浠撳簱\Github\PromptMasterv6\NameInputDialog.xaml.cs(41,43): error CS0103: 褰撳墠涓婁笅鏂囦腑涓嶅瓨鍦ㄥ悕绉扳€淚nputBox鈥?[E:\01_浠ｇ爜浠撳簱\Github\PromptMasterv6\PromptMasterv6_palzbwfl_wpftmp.csproj]
E:\01_浠ｇ爜浠撳簱\Github\PromptMasterv6\NameInputDialog.xaml.cs(47,26): error CS0103: 褰撳墠涓婁笅鏂囦腑涓嶅瓨鍦ㄥ悕绉扳€淚nputBox鈥?[E:\01_浠ｇ爜浠撳簱\Github\PromptMasterv6\PromptMasterv6_palzbwfl_wpftmp.csproj]
E:\01_浠ｇ爜浠撳簱\Github\PromptMasterv6\Features\Settings\Window\WindowView.xaml.cs(9,13): error CS0103: 褰撳墠涓婁笅鏂囦腑涓嶅瓨鍦ㄥ悕绉扳€淚nitializeComponent鈥?[E:\01_浠ｇ爜浠撳簱\Github\PromptMasterv6\PromptMasterv6_palzbwfl_wpftmp.csproj]
E:\01_浠ｇ爜浠撳簱\Github\PromptMasterv6\Features\Settings\ApiCredentials\ApiCredentialsView.xaml.cs(9,13): error CS0103: 褰撳墠涓婁笅鏂囦腑涓嶅瓨鍦ㄥ悕绉扳€淚nitializeComponent鈥?[E:\01_浠ｇ爜浠撳簱\Github\PromptMasterv6\PromptMasterv6_palzbwfl_wpftmp.csproj]
E:\01_浠ｇ爜浠撳簱\Github\PromptMasterv6\Features\Settings\Launcher\LauncherView.xaml.cs(9,13): error CS0103: 褰撳墠涓婁笅鏂囦腑涓嶅瓨鍦ㄥ悕绉扳€淚nitializeComponent鈥?[E:\01_浠ｇ爜浠撳簱\Github\PromptMasterv6\PromptMasterv6_palzbwfl_wpftmp.csproj]
E:\01_浠ｇ爜浠撳簱\Github\PromptMasterv6\IconInputDialog.xaml.cs(16,13): error CS0103: 褰撳墠涓婁笅鏂囦腑涓嶅瓨鍦ㄥ悕绉扳€淚nitializeComponent鈥?[E:\01_浠ｇ爜浠撳簱\Github\PromptMasterv6\PromptMasterv6_palzbwfl_wpftmp.csproj]
E:\01_浠ｇ爜浠撳簱\Github\PromptMasterv6\IconInputDialog.xaml.cs(19,13): error CS0103: 褰撳墠涓婁笅鏂囦腑涓嶅瓨鍦ㄥ悕绉扳€淚nputBox鈥?[E:\01_浠ｇ爜浠撳簱\Github\PromptMasterv6\PromptMasterv6_palzbwfl_wpftmp.csproj]
E:\01_浠ｇ爜浠撳簱\Github\PromptMasterv6\IconInputDialog.xaml.cs(22,33): error CS0103: 褰撳墠涓婁笅鏂囦腑涓嶅瓨鍦ㄥ悕绉扳€淚nputBox鈥?[E:\01_浠ｇ爜浠撳簱\Github\PromptMasterv6\PromptMasterv6_palzbwfl_wpftmp.csproj]
E:\01_浠ｇ爜浠撳簱\Github\PromptMasterv6\Features\PinToScreen\PinToScreenWindow.xaml.cs(51,13): error CS0103: 褰撳墠涓婁笅鏂囦腑涓嶅瓨鍦ㄥ悕绉扳€淚nitializeComponent鈥?[E:\01_浠ｇ爜浠撳簱\Github\PromptMasterv6\PromptMasterv6_palzbwfl_wpftmp.csproj]
E:\01_浠ｇ爜浠撳簱\Github\PromptMasterv6\Features\PinToScreen\PinToScreenWindow.xaml.cs(63,13): error CS0103: 褰撳墠涓婁笅鏂囦腑涓嶅瓨鍦ㄥ悕绉扳€淚mageBorder鈥?[E:\01_浠ｇ爜浠撳簱\Github\PromptMasterv6\PromptMasterv6_palzbwfl_wpftmp.csproj]
E:\01_浠ｇ爜浠撳簱\Github\PromptMasterv6\Features\PinToScreen\PinToScreenWindow.xaml.cs(64,13): error CS0103: 褰撳墠涓婁笅鏂囦腑涓嶅瓨鍦ㄥ悕绉扳€淚mageBorder鈥?[E:\01_浠ｇ爜浠撳簱\Github\PromptMasterv6\PromptMasterv6_palzbwfl_wpftmp.csproj]
E:\01_浠ｇ爜浠撳簱\Github\PromptMasterv6\Features\PinToScreen\PinToScreenWindow.xaml.cs(68,17): error CS0103: 褰撳墠涓婁笅鏂囦腑涓嶅瓨鍦ㄥ悕绉扳€淪hadowEffect鈥?[E:\01_浠ｇ爜浠撳簱\Github\PromptMasterv6\PromptMasterv6_palzbwfl_wpftmp.csproj]
E:\01_浠ｇ爜浠撳簱\Github\PromptMasterv6\Features\PinToScreen\PinToScreenWindow.xaml.cs(69,17): error CS0103: 褰撳墠涓婁笅鏂囦腑涓嶅瓨鍦ㄥ悕绉扳€淪hadowEffect鈥?[E:\01_浠ｇ爜浠撳簱\Github\PromptMasterv6\PromptMasterv6_palzbwfl_wpftmp.csproj]
E:\01_浠ｇ爜浠撳簱\Github\PromptMasterv6\Features\PinToScreen\PinToScreenWindow.xaml.cs(72,13): error CS0103: 褰撳墠涓婁笅鏂囦腑涓嶅瓨鍦ㄥ悕绉扳€淧innedImage鈥?[E:\01_浠ｇ爜浠撳簱\Github\PromptMasterv6\PromptMasterv6_palzbwfl_wpftmp.csproj]
E:\01_浠ｇ爜浠撳簱\Github\PromptMasterv6\Features\PinToScreen\PinToScreenWindow.xaml.cs(98,52): error CS0103: 褰撳墠涓婁笅鏂囦腑涓嶅瓨鍦ㄥ悕绉扳€淧innedImage鈥?[E:\01_浠ｇ爜浠撳簱\Github\PromptMasterv6\PromptMasterv6_palzbwfl_wpftmp.csproj]
E:\01_浠ｇ爜浠撳簱\Github\PromptMasterv6\Features\PinToScreen\PinToScreenWindow.xaml.cs(98,107): error CS0103: 褰撳墠涓婁笅鏂囦腑涓嶅瓨鍦ㄥ悕绉扳€淧innedImage鈥?[E:\01_浠ｇ爜浠撳簱\Github\PromptMasterv6\PromptMasterv6_palzbwfl_wpftmp.csproj]
E:\01_浠ｇ爜浠撳簱\Github\PromptMasterv6\IconInputDialog.xaml.cs(29,27): error CS0103: 褰撳墠涓婁笅鏂囦腑涓嶅瓨鍦ㄥ悕绉扳€淚nputBox鈥?[E:\01_浠ｇ爜浠撳簱\Github\PromptMasterv6\PromptMasterv6_palzbwfl_wpftmp.csproj]
E:\01_浠ｇ爜浠撳簱\Github\PromptMasterv6\Features\Settings\Automation\AutomationView.xaml.cs(9,13): error CS0103: 褰撳墠涓婁笅鏂囦腑涓嶅瓨鍦ㄥ悕绉扳€淚nitializeComponent鈥?[E:\01_浠ｇ爜浠撳簱\Github\PromptMasterv6\PromptMasterv6_palzbwfl_wpftmp.csproj]
E:\01_浠ｇ爜浠撳簱\Github\PromptMasterv6\Features\ExternalTools\TranslationPopup.xaml.cs(165,13): error CS0103: 褰撳墠涓婁笅鏂囦腑涓嶅瓨鍦ㄥ悕绉扳€淩esultBox鈥?[E:\01_浠ｇ爜浠撳簱\Github\PromptMasterv6\PromptMasterv6_palzbwfl_wpftmp.csproj]
E:\01_浠ｇ爜浠撳簱\Github\PromptMasterv6\Features\Settings\ExternalTools\ExternalToolsSettingsView.xaml.cs(7,13): error CS0103: 褰撳墠涓婁笅鏂囦腑涓嶅瓨鍦ㄥ悕绉扳€淚nitializeComponent鈥?[E:\01_浠ｇ爜浠撳簱\Github\PromptMasterv6\PromptMasterv6_palzbwfl_wpftmp.csproj]
E:\01_浠ｇ爜浠撳簱\Github\PromptMasterv6\Features\Settings\Proxy\ProxyView.xaml.cs(9,13): error CS0103: 褰撳墠涓婁笅鏂囦腑涓嶅瓨鍦ㄥ悕绉扳€淚nitializeComponent鈥?[E:\01_浠ｇ爜浠撳簱\Github\PromptMasterv6\PromptMasterv6_palzbwfl_wpftmp.csproj]
E:\01_浠ｇ爜浠撳簱\Github\PromptMasterv6\Features\Settings\SettingsView.xaml.cs(10,13): error CS0103: 褰撳墠涓婁笅鏂囦腑涓嶅瓨鍦ㄥ悕绉扳€淚nitializeComponent鈥?[E:\01_浠ｇ爜浠撳簱\Github\PromptMasterv6\PromptMasterv6_palzbwfl_wpftmp.csproj]
E:\01_浠ｇ爜浠撳簱\Github\PromptMasterv6\Features\Settings\AiModels\AiModelsView.xaml.cs(9,13): error CS0103: 褰撳墠涓婁笅鏂囦腑涓嶅瓨鍦ㄥ悕绉扳€淚nitializeComponent鈥?[E:\01_浠ｇ爜浠撳簱\Github\PromptMasterv6\PromptMasterv6_palzbwfl_wpftmp.csproj]
E:\01_浠ｇ爜浠撳簱\Github\PromptMasterv6\Features\Main\Tray\TrayMenuView.xaml.cs(9,9): error CS0103: 褰撳墠涓婁笅鏂囦腑涓嶅瓨鍦ㄥ悕绉扳€淚nitializeComponent鈥?[E:\01_浠ｇ爜浠撳簱\Github\PromptMasterv6\PromptMasterv6_palzbwfl_wpftmp.csproj]
E:\01_浠ｇ爜浠撳簱\Github\PromptMasterv6\Features\Settings\SettingsWindow.xaml.cs(12,13): error CS0103: 褰撳墠涓婁笅鏂囦腑涓嶅瓨鍦ㄥ悕绉扳€淚nitializeComponent鈥?[E:\01_浠ｇ爜浠撳簱\Github\PromptMasterv6\PromptMasterv6_palzbwfl_wpftmp.csproj]
E:\01_浠ｇ爜浠撳簱\Github\PromptMasterv6\Features\Settings\SettingsWindow.xaml.cs(18,13): error CS0103: 褰撳墠涓婁笅鏂囦腑涓嶅瓨鍦ㄥ悕绉扳€淪ettingsViewContent鈥?[E:\01_浠ｇ爜浠撳簱\Github\PromptMasterv6\PromptMasterv6_palzbwfl_wpftmp.csproj]
E:\01_浠ｇ爜浠撳簱\Github\PromptMasterv6\Features\Settings\LaunchBar\LaunchBarView.xaml.cs(9,13): error CS0103: 褰撳墠涓婁笅鏂囦腑涓嶅瓨鍦ㄥ悕绉扳€淚nitializeComponent鈥?[E:\01_浠ｇ爜浠撳簱\Github\PromptMasterv6\PromptMasterv6_palzbwfl_wpftmp.csproj]
E:\01_浠ｇ爜浠撳簱\Github\PromptMasterv6\Features\PinToScreen\PinToScreenWindow.xaml.cs(177,13): error CS0103: 褰撳墠涓婁笅鏂囦腑涓嶅瓨鍦ㄥ悕绉扳€淧innedImage鈥?[E:\01_浠ｇ爜浠撳簱\Github\PromptMasterv6\PromptMasterv6_palzbwfl_wpftmp.csproj]
E:\01_浠ｇ爜浠撳簱\Github\PromptMasterv6\Features\PinToScreen\PinToScreenWindow.xaml.cs(178,13): error CS0103: 褰撳墠涓婁笅鏂囦腑涓嶅瓨鍦ㄥ悕绉扳€淧innedImage鈥?[E:\01_浠ｇ爜浠撳簱\Github\PromptMasterv6\PromptMasterv6_palzbwfl_wpftmp.csproj]
E:\01_浠ｇ爜浠撳簱\Github\PromptMasterv6\Features\PinToScreen\PinToScreenWindow.xaml.cs(202,48): error CS0103: 褰撳墠涓婁笅鏂囦腑涓嶅瓨鍦ㄥ悕绉扳€淧innedImage鈥?[E:\01_浠ｇ爜浠撳簱\Github\PromptMasterv6\PromptMasterv6_palzbwfl_wpftmp.csproj]
E:\01_浠ｇ爜浠撳簱\Github\PromptMasterv6\IconInputDialog.xaml.cs(34,17): error CS0103: 褰撳墠涓婁笅鏂囦腑涓嶅瓨鍦ㄥ悕绉扳€淧reviewPath鈥?[E:\01_浠ｇ爜浠撳簱\Github\PromptMasterv6\PromptMasterv6_palzbwfl_wpftmp.csproj]
E:\01_浠ｇ爜浠撳簱\Github\PromptMasterv6\IconInputDialog.xaml.cs(34,40): error CS0103: 褰撳墠涓婁笅鏂囦腑涓嶅瓨鍦ㄥ悕绉扳€淧reviewBorder鈥?[E:\01_浠ｇ爜浠撳簱\Github\PromptMasterv6\PromptMasterv6_palzbwfl_wpftmp.csproj]
E:\01_浠ｇ爜浠撳簱\Github\PromptMasterv6\IconInputDialog.xaml.cs(39,17): error CS0103: 褰撳墠涓婁笅鏂囦腑涓嶅瓨鍦ㄥ悕绉扳€淧reviewPath鈥?[E:\01_浠ｇ爜浠撳簱\Github\PromptMasterv6\PromptMasterv6_palzbwfl_wpftmp.csproj]
E:\01_浠ｇ爜浠撳簱\Github\PromptMasterv6\IconInputDialog.xaml.cs(40,17): error CS0103: 褰撳墠涓婁笅鏂囦腑涓嶅瓨鍦ㄥ悕绉扳€淧reviewHint鈥?[E:\01_浠ｇ爜浠撳簱\Github\PromptMasterv6\PromptMasterv6_palzbwfl_wpftmp.csproj]
E:\01_浠ｇ爜浠撳簱\Github\PromptMasterv6\IconInputDialog.xaml.cs(41,17): error CS0103: 褰撳墠涓婁笅鏂囦腑涓嶅瓨鍦ㄥ悕绉扳€淓rrorHint鈥?[E:\01_浠ｇ爜浠撳簱\Github\PromptMasterv6\PromptMasterv6_palzbwfl_wpftmp.csproj]
E:\01_浠ｇ爜浠撳簱\Github\PromptMasterv6\IconInputDialog.xaml.cs(42,17): error CS0103: 褰撳墠涓婁笅鏂囦腑涓嶅瓨鍦ㄥ悕绉扳€淧reviewBorder鈥?[E:\01_浠ｇ爜浠撳簱\Github\PromptMasterv6\PromptMasterv6_palzbwfl_wpftmp.csproj]
E:\01_浠ｇ爜浠撳簱\Github\PromptMasterv6\IconInputDialog.xaml.cs(49,21): error CS0103: 褰撳墠涓婁笅鏂囦腑涓嶅瓨鍦ㄥ悕绉扳€淧reviewPath鈥?[E:\01_浠ｇ爜浠撳簱\Github\PromptMasterv6\PromptMasterv6_palzbwfl_wpftmp.csproj]
E:\01_浠ｇ爜浠撳簱\Github\PromptMasterv6\IconInputDialog.xaml.cs(51,21): error CS0103: 褰撳墠涓婁笅鏂囦腑涓嶅瓨鍦ㄥ悕绉扳€淧reviewHint鈥?[E:\01_浠ｇ爜浠撳簱\Github\PromptMasterv6\PromptMasterv6_palzbwfl_wpftmp.csproj]
E:\01_浠ｇ爜浠撳簱\Github\PromptMasterv6\IconInputDialog.xaml.cs(52,21): error CS0103: 褰撳墠涓婁笅鏂囦腑涓嶅瓨鍦ㄥ悕绉扳€淓rrorHint鈥?[E:\01_浠ｇ爜浠撳簱\Github\PromptMasterv6\PromptMasterv6_palzbwfl_wpftmp.csproj]
E:\01_浠ｇ爜浠撳簱\Github\PromptMasterv6\IconInputDialog.xaml.cs(53,21): error CS0103: 褰撳墠涓婁笅鏂囦腑涓嶅瓨鍦ㄥ悕绉扳€淧reviewBorder鈥?[E:\01_浠ｇ爜浠撳簱\Github\PromptMasterv6\PromptMasterv6_palzbwfl_wpftmp.csproj]
E:\01_浠ｇ爜浠撳簱\Github\PromptMasterv6\IconInputDialog.xaml.cs(58,21): error CS0103: 褰撳墠涓婁笅鏂囦腑涓嶅瓨鍦ㄥ悕绉扳€淧reviewPath鈥?[E:\01_浠ｇ爜浠撳簱\Github\PromptMasterv6\PromptMasterv6_palzbwfl_wpftmp.csproj]
E:\01_浠ｇ爜浠撳簱\Github\PromptMasterv6\IconInputDialog.xaml.cs(59,21): error CS0103: 褰撳墠涓婁笅鏂囦腑涓嶅瓨鍦ㄥ悕绉扳€淧reviewHint鈥?[E:\01_浠ｇ爜浠撳簱\Github\PromptMasterv6\PromptMasterv6_palzbwfl_wpftmp.csproj]
E:\01_浠ｇ爜浠撳簱\Github\PromptMasterv6\IconInputDialog.xaml.cs(60,21): error CS0103: 褰撳墠涓婁笅鏂囦腑涓嶅瓨鍦ㄥ悕绉扳€淓rrorHint鈥?[E:\01_浠ｇ爜浠撳簱\Github\PromptMasterv6\PromptMasterv6_palzbwfl_wpftmp.csproj]
E:\01_浠ｇ爜浠撳簱\Github\PromptMasterv6\IconInputDialog.xaml.cs(61,21): error CS0103: 褰撳墠涓婁笅鏂囦腑涓嶅瓨鍦ㄥ悕绉扳€淧reviewBorder鈥?[E:\01_浠ｇ爜浠撳簱\Github\PromptMasterv6\PromptMasterv6_palzbwfl_wpftmp.csproj]
E:\01_浠ｇ爜浠撳簱\Github\PromptMasterv6\IconInputDialog.xaml.cs(71,48): error CS0103: 褰撳墠涓婁笅鏂囦腑涓嶅瓨鍦ㄥ悕绉扳€淚nputBox鈥?[E:\01_浠ｇ爜浠撳簱\Github\PromptMasterv6\PromptMasterv6_palzbwfl_wpftmp.csproj]
E:\01_浠ｇ爜浠撳簱\Github\PromptMasterv6\IconInputDialog.xaml.cs(73,36): error CS0103: 褰撳墠涓婁笅鏂囦腑涓嶅瓨鍦ㄥ悕绉扳€淚nputBox鈥?[E:\01_浠ｇ爜浠撳簱\Github\PromptMasterv6\PromptMasterv6_palzbwfl_wpftmp.csproj]
E:\01_浠ｇ爜浠撳簱\Github\PromptMasterv6\IconInputDialog.xaml.cs(75,34): error CS0103: 褰撳墠涓婁笅鏂囦腑涓嶅瓨鍦ㄥ悕绉扳€淚nputBox鈥?[E:\01_浠ｇ爜浠撳簱\Github\PromptMasterv6\PromptMasterv6_palzbwfl_wpftmp.csproj]
E:\01_浠ｇ爜浠撳簱\Github\PromptMasterv6\IconInputDialog.xaml.cs(86,13): error CS0103: 褰撳墠涓婁笅鏂囦腑涓嶅瓨鍦ㄥ悕绉扳€淚nputBox鈥?[E:\01_浠ｇ爜浠撳簱\Github\PromptMasterv6\PromptMasterv6_palzbwfl_wpftmp.csproj]
E:\01_浠ｇ爜浠撳簱\Github\PromptMasterv6\Features\Settings\Sync\SyncView.xaml.cs(11,13): error CS0103: 褰撳墠涓婁笅鏂囦腑涓嶅瓨鍦ㄥ悕绉扳€淚nitializeComponent鈥?[E:\01_浠ｇ爜浠撳簱\Github\PromptMasterv6\PromptMasterv6_palzbwfl_wpftmp.csproj]
E:\01_浠ｇ爜浠撳簱\Github\PromptMasterv6\Features\Settings\Shortcut\ShortcutView.xaml.cs(9,13): error CS0103: 褰撳墠涓婁笅鏂囦腑涓嶅瓨鍦ㄥ悕绉扳€淚nitializeComponent鈥?[E:\01_浠ｇ爜浠撳簱\Github\PromptMasterv6\PromptMasterv6_palzbwfl_wpftmp.csproj]
E:\01_浠ｇ爜浠撳簱\Github\PromptMasterv6\Features\Main\Components\VariableInputView.xaml.cs(7,13): error CS0103: 褰撳墠涓婁笅鏂囦腑涓嶅瓨鍦ㄥ悕绉扳€淚nitializeComponent鈥?[E:\01_浠ｇ爜浠撳簱\Github\PromptMasterv6\PromptMasterv6_palzbwfl_wpftmp.csproj]
E:\01_浠ｇ爜浠撳簱\Github\PromptMasterv6\Features\Main\Components\SidebarView.xaml.cs(7,13): error CS0103: 褰撳墠涓婁笅鏂囦腑涓嶅瓨鍦ㄥ悕绉扳€淚nitializeComponent鈥?[E:\01_浠ｇ爜浠撳簱\Github\PromptMasterv6\PromptMasterv6_palzbwfl_wpftmp.csproj]
E:\01_浠ｇ爜浠撳簱\Github\PromptMasterv6\Features\Main\Components\FileListView.xaml.cs(12,13): error CS0103: 褰撳墠涓婁笅鏂囦腑涓嶅瓨鍦ㄥ悕绉扳€淚nitializeComponent鈥?[E:\01_浠ｇ爜浠撳簱\Github\PromptMasterv6\PromptMasterv6_palzbwfl_wpftmp.csproj]
E:\01_浠ｇ爜浠撳簱\Github\PromptMasterv6\Features\Settings\Sync\SyncView.xaml.cs(18,17): error CS0103: 褰撳墠涓婁笅鏂囦腑涓嶅瓨鍦ㄥ悕绉扳€淪yncWebDAVTab鈥?[E:\01_浠ｇ爜浠撳簱\Github\PromptMasterv6\PromptMasterv6_palzbwfl_wpftmp.csproj]
E:\01_浠ｇ爜浠撳簱\Github\PromptMasterv6\Features\Settings\Sync\SyncView.xaml.cs(18,51): error CS0103: 褰撳墠涓婁笅鏂囦腑涓嶅瓨鍦ㄥ悕绉扳€淏tnSyncWebDavTab鈥?[E:\01_浠ｇ爜浠撳簱\Github\PromptMasterv6\PromptMasterv6_palzbwfl_wpftmp.csproj]
E:\01_浠ｇ爜浠撳簱\Github\PromptMasterv6\Features\Settings\Sync\SyncView.xaml.cs(19,17): error CS0103: 褰撳墠涓婁笅鏂囦腑涓嶅瓨鍦ㄥ悕绉扳€淪yncDataTab鈥?[E:\01_浠ｇ爜浠撳簱\Github\PromptMasterv6\PromptMasterv6_palzbwfl_wpftmp.csproj]
E:\01_浠ｇ爜浠撳簱\Github\PromptMasterv6\Features\Settings\Sync\SyncView.xaml.cs(19,49): error CS0103: 褰撳墠涓婁笅鏂囦腑涓嶅瓨鍦ㄥ悕绉扳€淏tnSyncDataTab鈥?[E:\01_浠ｇ爜浠撳簱\Github\PromptMasterv6\PromptMasterv6_palzbwfl_wpftmp.csproj]
E:\01_浠ｇ爜浠撳簱\Github\PromptMasterv6\Features\Settings\Sync\SyncView.xaml.cs(20,17): error CS0103: 褰撳墠涓婁笅鏂囦腑涓嶅瓨鍦ㄥ悕绉扳€淪yncLogTab鈥?[E:\01_浠ｇ爜浠撳簱\Github\PromptMasterv6\PromptMasterv6_palzbwfl_wpftmp.csproj]
E:\01_浠ｇ爜浠撳簱\Github\PromptMasterv6\Features\Settings\Sync\SyncView.xaml.cs(20,48): error CS0103: 褰撳墠涓婁笅鏂囦腑涓嶅瓨鍦ㄥ悕绉扳€淏tnSyncLogTab鈥?[E:\01_浠ｇ爜浠撳簱\Github\PromptMasterv6\PromptMasterv6_palzbwfl_wpftmp.csproj]
E:\01_浠ｇ爜浠撳簱\Github\PromptMasterv6\Features\Settings\Sync\SyncView.xaml.cs(22,17): error CS0103: 褰撳墠涓婁笅鏂囦腑涓嶅瓨鍦ㄥ悕绉扳€淏tnSyncWebDavTab鈥?[E:\01_浠ｇ爜浠撳簱\Github\PromptMasterv6\PromptMasterv6_palzbwfl_wpftmp.csproj]
E:\01_浠ｇ爜浠撳簱\Github\PromptMasterv6\Features\Settings\Sync\SyncView.xaml.cs(22,47): error CS0103: 褰撳墠涓婁笅鏂囦腑涓嶅瓨鍦ㄥ悕绉扳€淏tnSyncWebDavTab鈥?[E:\01_浠ｇ爜浠撳簱\Github\PromptMasterv6\PromptMasterv6_palzbwfl_wpftmp.csproj]
E:\01_浠ｇ爜浠撳簱\Github\PromptMasterv6\Features\Settings\Sync\SyncView.xaml.cs(23,17): error CS0103: 褰撳墠涓婁笅鏂囦腑涓嶅瓨鍦ㄥ悕绉扳€淏tnSyncDataTab鈥?[E:\01_浠ｇ爜浠撳簱\Github\PromptMasterv6\PromptMasterv6_palzbwfl_wpftmp.csproj]
E:\01_浠ｇ爜浠撳簱\Github\PromptMasterv6\Features\Settings\Sync\SyncView.xaml.cs(23,45): error CS0103: 褰撳墠涓婁笅鏂囦腑涓嶅瓨鍦ㄥ悕绉扳€淏tnSyncDataTab鈥?[E:\01_浠ｇ爜浠撳簱\Github\PromptMasterv6\PromptMasterv6_palzbwfl_wpftmp.csproj]
E:\01_浠ｇ爜浠撳簱\Github\PromptMasterv6\Features\Settings\Sync\SyncView.xaml.cs(24,17): error CS0103: 褰撳墠涓婁笅鏂囦腑涓嶅瓨鍦ㄥ悕绉扳€淏tnSyncLogTab鈥?[E:\01_浠ｇ爜浠撳簱\Github\PromptMasterv6\PromptMasterv6_palzbwfl_wpftmp.csproj]
E:\01_浠ｇ爜浠撳簱\Github\PromptMasterv6\Features\Settings\Sync\SyncView.xaml.cs(24,44): error CS0103: 褰撳墠涓婁笅鏂囦腑涓嶅瓨鍦ㄥ悕绉扳€淏tnSyncLogTab鈥?[E:\01_浠ｇ爜浠撳簱\Github\PromptMasterv6\PromptMasterv6_palzbwfl_wpftmp.csproj]
E:\01_浠ｇ爜浠撳簱\Github\PromptMasterv6\Features\Launcher\LauncherWindow.xaml.cs(18,13): error CS0103: 褰撳墠涓婁笅鏂囦腑涓嶅瓨鍦ㄥ悕绉扳€淚nitializeComponent鈥?[E:\01_浠ｇ爜浠撳簱\Github\PromptMasterv6\PromptMasterv6_palzbwfl_wpftmp.csproj]
E:\01_浠ｇ爜浠撳簱\Github\PromptMasterv6\Features\Shared\Dialogs\ConfirmationDialog.xaml.cs(11,13): error CS0103: 褰撳墠涓婁笅鏂囦腑涓嶅瓨鍦ㄥ悕绉扳€淚nitializeComponent鈥?[E:\01_浠ｇ爜浠撳簱\Github\PromptMasterv6\PromptMasterv6_palzbwfl_wpftmp.csproj]
E:\01_浠ｇ爜浠撳簱\Github\PromptMasterv6\Features\Main\ContentEditor\ContentEditorView.xaml.cs(11,13): error CS0103: 褰撳墠涓婁笅鏂囦腑涓嶅瓨鍦ㄥ悕绉扳€淚nitializeComponent鈥?[E:\01_浠ｇ爜浠撳簱\Github\PromptMasterv6\PromptMasterv6_palzbwfl_wpftmp.csproj]
E:\01_浠ｇ爜浠撳簱\Github\PromptMasterv6\Features\Main\ContentEditor\ContentEditorView.xaml.cs(28,24): error CS0103: 褰撳墠涓婁笅鏂囦腑涓嶅瓨鍦ㄥ悕绉扳€淐ontentEditorTextBox鈥?[E:\01_浠ｇ爜浠撳簱\Github\PromptMasterv6\PromptMasterv6_palzbwfl_wpftmp.csproj]
E:\01_浠ｇ爜浠撳簱\Github\PromptMasterv6\Features\Main\ContentEditor\ContentEditorView.xaml.cs(30,17): error CS0103: 褰撳墠涓婁笅鏂囦腑涓嶅瓨鍦ㄥ悕绉扳€淐ontentEditorTextBox鈥?[E:\01_浠ｇ爜浠撳簱\Github\PromptMasterv6\PromptMasterv6_palzbwfl_wpftmp.csproj]
E:\01_浠ｇ爜浠撳簱\Github\PromptMasterv6\Features\Main\ContentEditor\ContentEditorView.xaml.cs(30,49): error CS0103: 褰撳墠涓婁笅鏂囦腑涓嶅瓨鍦ㄥ悕绉扳€淐ontentEditorTextBox鈥?[E:\01_浠ｇ爜浠撳簱\Github\PromptMasterv6\PromptMasterv6_palzbwfl_wpftmp.csproj]
E:\01_浠ｇ爜浠撳簱\Github\PromptMasterv6\Features\Launcher\LauncherWindow.xaml.cs(86,21): error CS0103: 褰撳墠涓婁笅鏂囦腑涓嶅瓨鍦ㄥ悕绉扳€淭abTool鈥?[E:\01_浠ｇ爜浠撳簱\Github\PromptMasterv6\PromptMasterv6_palzbwfl_wpftmp.csproj]
E:\01_浠ｇ爜浠撳簱\Github\PromptMasterv6\Features\Launcher\LauncherWindow.xaml.cs(86,48): error CS0103: 褰撳墠涓婁笅鏂囦腑涓嶅瓨鍦ㄥ悕绉扳€淭abApplication鈥?[E:\01_浠ｇ爜浠撳簱\Github\PromptMasterv6\PromptMasterv6_palzbwfl_wpftmp.csproj]
E:\01_浠ｇ爜浠撳簱\Github\PromptMasterv6\Features\Launcher\LauncherWindow.xaml.cs(87,26): error CS0103: 褰撳墠涓婁笅鏂囦腑涓嶅瓨鍦ㄥ悕绉扳€淭abApplication鈥?[E:\01_浠ｇ爜浠撳簱\Github\PromptMasterv6\PromptMasterv6_palzbwfl_wpftmp.csproj]
E:\01_浠ｇ爜浠撳簱\Github\PromptMasterv6\Features\Launcher\LauncherWindow.xaml.cs(87,60): error CS0103: 褰撳墠涓婁笅鏂囦腑涓嶅瓨鍦ㄥ悕绉扳€淭abBookmark鈥?[E:\01_浠ｇ爜浠撳簱\Github\PromptMasterv6\PromptMasterv6_palzbwfl_wpftmp.csproj]
E:\01_浠ｇ爜浠撳簱\Github\PromptMasterv6\Features\Launcher\LauncherWindow.xaml.cs(88,26): error CS0103: 褰撳墠涓婁笅鏂囦腑涓嶅瓨鍦ㄥ悕绉扳€淭abBookmark鈥?[E:\01_浠ｇ爜浠撳簱\Github\PromptMasterv6\PromptMasterv6_palzbwfl_wpftmp.csproj]
E:\01_浠ｇ爜浠撳簱\Github\PromptMasterv6\Features\Launcher\LauncherWindow.xaml.cs(88,57): error CS0103: 褰撳墠涓婁笅鏂囦腑涓嶅瓨鍦ㄥ悕绉扳€淭abTool鈥?[E:\01_浠ｇ爜浠撳簱\Github\PromptMasterv6\PromptMasterv6_palzbwfl_wpftmp.csproj]
E:\01_浠ｇ爜浠撳簱\Github\PromptMasterv6\Features\Launcher\LauncherWindow.xaml.cs(92,21): error CS0103: 褰撳墠涓婁笅鏂囦腑涓嶅瓨鍦ㄥ悕绉扳€淭abBookmark鈥?[E:\01_浠ｇ爜浠撳簱\Github\PromptMasterv6\PromptMasterv6_palzbwfl_wpftmp.csproj]
E:\01_浠ｇ爜浠撳簱\Github\PromptMasterv6\Features\Launcher\LauncherWindow.xaml.cs(92,52): error CS0103: 褰撳墠涓婁笅鏂囦腑涓嶅瓨鍦ㄥ悕绉扳€淭abApplication鈥?[E:\01_浠ｇ爜浠撳簱\Github\PromptMasterv6\PromptMasterv6_palzbwfl_wpftmp.csproj]
E:\01_浠ｇ爜浠撳簱\Github\PromptMasterv6\Features\Launcher\LauncherWindow.xaml.cs(93,26): error CS0103: 褰撳墠涓婁笅鏂囦腑涓嶅瓨鍦ㄥ悕绉扳€淭abApplication鈥?[E:\01_浠ｇ爜浠撳簱\Github\PromptMasterv6\PromptMasterv6_palzbwfl_wpftmp.csproj]
E:\01_浠ｇ爜浠撳簱\Github\PromptMasterv6\Features\Launcher\LauncherWindow.xaml.cs(93,60): error CS0103: 褰撳墠涓婁笅鏂囦腑涓嶅瓨鍦ㄥ悕绉扳€淭abTool鈥?[E:\01_浠ｇ爜浠撳簱\Github\PromptMasterv6\PromptMasterv6_palzbwfl_wpftmp.csproj]
E:\01_浠ｇ爜浠撳簱\Github\PromptMasterv6\Features\Launcher\LauncherWindow.xaml.cs(94,26): error CS0103: 褰撳墠涓婁笅鏂囦腑涓嶅瓨鍦ㄥ悕绉扳€淭abTool鈥?[E:\01_浠ｇ爜浠撳簱\Github\PromptMasterv6\PromptMasterv6_palzbwfl_wpftmp.csproj]
E:\01_浠ｇ爜浠撳簱\Github\PromptMasterv6\Features\Launcher\LauncherWindow.xaml.cs(94,53): error CS0103: 褰撳墠涓婁笅鏂囦腑涓嶅瓨鍦ㄥ悕绉扳€淭abBookmark鈥?[E:\01_浠ｇ爜浠撳簱\Github\PromptMasterv6\PromptMasterv6_palzbwfl_wpftmp.csproj]
E:\01_浠ｇ爜浠撳簱\Github\PromptMasterv6\Features\ExternalTools\Dialogs\OcrNotConfiguredDialog.xaml.cs(9,13): error CS0103: 褰撳墠涓婁笅鏂囦腑涓嶅瓨鍦ㄥ悕绉扳€淚nitializeComponent鈥?[E:\01_浠ｇ爜浠撳簱\Github\PromptMasterv6\PromptMasterv6_palzbwfl_wpftmp.csproj]
E:\01_浠ｇ爜浠撳簱\Github\PromptMasterv6\Features\ExternalTools\ScreenCaptureOverlay.xaml.cs(34,13): error CS0103: 褰撳墠涓婁笅鏂囦腑涓嶅瓨鍦ㄥ悕绉扳€淚nitializeComponent鈥?[E:\01_浠ｇ爜浠撳簱\Github\PromptMasterv6\PromptMasterv6_palzbwfl_wpftmp.csproj]
E:\01_浠ｇ爜浠撳簱\Github\PromptMasterv6\Features\ExternalTools\ScreenCaptureOverlay.xaml.cs(103,41): error CS0103: 褰撳墠涓婁笅鏂囦腑涓嶅瓨鍦ㄥ悕绉扳€淪electionCanvas鈥?[E:\01_浠ｇ爜浠撳簱\Github\PromptMasterv6\PromptMasterv6_palzbwfl_wpftmp.csproj]
E:\01_浠ｇ爜浠撳簱\Github\PromptMasterv6\Features\ExternalTools\ScreenCaptureOverlay.xaml.cs(106,28): error CS0103: 褰撳墠涓婁笅鏂囦腑涓嶅瓨鍦ㄥ悕绉扳€淪electionRect鈥?[E:\01_浠ｇ爜浠撳簱\Github\PromptMasterv6\PromptMasterv6_palzbwfl_wpftmp.csproj]
E:\01_浠ｇ爜浠撳簱\Github\PromptMasterv6\Features\ExternalTools\ScreenCaptureOverlay.xaml.cs(107,27): error CS0103: 褰撳墠涓婁笅鏂囦腑涓嶅瓨鍦ㄥ悕绉扳€淪electionRect鈥?[E:\01_浠ｇ爜浠撳簱\Github\PromptMasterv6\PromptMasterv6_palzbwfl_wpftmp.csproj]
E:\01_浠ｇ爜浠撳簱\Github\PromptMasterv6\Features\ExternalTools\ScreenCaptureOverlay.xaml.cs(108,13): error CS0103: 褰撳墠涓婁笅鏂囦腑涓嶅瓨鍦ㄥ悕绉扳€淪electionRect鈥?[E:\01_浠ｇ爜浠撳簱\Github\PromptMasterv6\PromptMasterv6_palzbwfl_wpftmp.csproj]
E:\01_浠ｇ爜浠撳簱\Github\PromptMasterv6\Features\ExternalTools\ScreenCaptureOverlay.xaml.cs(109,13): error CS0103: 褰撳墠涓婁笅鏂囦腑涓嶅瓨鍦ㄥ悕绉扳€淪electionRect鈥?[E:\01_浠ｇ爜浠撳簱\Github\PromptMasterv6\PromptMasterv6_palzbwfl_wpftmp.csproj]
E:\01_浠ｇ爜浠撳簱\Github\PromptMasterv6\Features\ExternalTools\ScreenCaptureOverlay.xaml.cs(110,13): error CS0103: 褰撳墠涓婁笅鏂囦腑涓嶅瓨鍦ㄥ悕绉扳€淪electionRect鈥?[E:\01_浠ｇ爜浠撳簱\Github\PromptMasterv6\PromptMasterv6_palzbwfl_wpftmp.csproj]
E:\01_浠ｇ爜浠撳簱\Github\PromptMasterv6\Features\ExternalTools\ScreenCaptureOverlay.xaml.cs(112,13): error CS0103: 褰撳墠涓婁笅鏂囦腑涓嶅瓨鍦ㄥ悕绉扳€淪electionCanvas鈥?[E:\01_浠ｇ爜浠撳簱\Github\PromptMasterv6\PromptMasterv6_palzbwfl_wpftmp.csproj]
E:\01_浠ｇ爜浠撳簱\Github\PromptMasterv6\Features\Main\MainWindow.xaml.cs(44,13): error CS0103: 褰撳墠涓婁笅鏂囦腑涓嶅瓨鍦ㄥ悕绉扳€淚nitializeComponent鈥?[E:\01_浠ｇ爜浠撳簱\Github\PromptMasterv6\PromptMasterv6_palzbwfl_wpftmp.csproj]
E:\01_浠ｇ爜浠撳簱\Github\PromptMasterv6\Features\ExternalTools\ScreenCaptureOverlay.xaml.cs(119,46): error CS0103: 褰撳墠涓婁笅鏂囦腑涓嶅瓨鍦ㄥ悕绉扳€淪electionCanvas鈥?[E:\01_浠ｇ爜浠撳簱\Github\PromptMasterv6\PromptMasterv6_palzbwfl_wpftmp.csproj]
E:\01_浠ｇ爜浠撳簱\Github\PromptMasterv6\Features\ExternalTools\ScreenCaptureOverlay.xaml.cs(126,28): error CS0103: 褰撳墠涓婁笅鏂囦腑涓嶅瓨鍦ㄥ悕绉扳€淪electionRect鈥?[E:\01_浠ｇ爜浠撳簱\Github\PromptMasterv6\PromptMasterv6_palzbwfl_wpftmp.csproj]
E:\01_浠ｇ爜浠撳簱\Github\PromptMasterv6\Features\ExternalTools\ScreenCaptureOverlay.xaml.cs(127,27): error CS0103: 褰撳墠涓婁笅鏂囦腑涓嶅瓨鍦ㄥ悕绉扳€淪electionRect鈥?[E:\01_浠ｇ爜浠撳簱\Github\PromptMasterv6\PromptMasterv6_palzbwfl_wpftmp.csproj]
E:\01_浠ｇ爜浠撳簱\Github\PromptMasterv6\Features\ExternalTools\ScreenCaptureOverlay.xaml.cs(128,13): error CS0103: 褰撳墠涓婁笅鏂囦腑涓嶅瓨鍦ㄥ悕绉扳€淪electionRect鈥?[E:\01_浠ｇ爜浠撳簱\Github\PromptMasterv6\PromptMasterv6_palzbwfl_wpftmp.csproj]
E:\01_浠ｇ爜浠撳簱\Github\PromptMasterv6\Features\ExternalTools\ScreenCaptureOverlay.xaml.cs(129,13): error CS0103: 褰撳墠涓婁笅鏂囦腑涓嶅瓨鍦ㄥ悕绉扳€淪electionRect鈥?[E:\01_浠ｇ爜浠撳簱\Github\PromptMasterv6\PromptMasterv6_palzbwfl_wpftmp.csproj]
E:\01_浠ｇ爜浠撳簱\Github\PromptMasterv6\Features\ExternalTools\ScreenCaptureOverlay.xaml.cs(138,13): error CS0103: 褰撳墠涓婁笅鏂囦腑涓嶅瓨鍦ㄥ悕绉扳€淪electionCanvas鈥?[E:\01_浠ｇ爜浠撳簱\Github\PromptMasterv6\PromptMasterv6_palzbwfl_wpftmp.csproj]
E:\01_浠ｇ爜浠撳簱\Github\PromptMasterv6\Features\ExternalTools\ScreenCaptureOverlay.xaml.cs(141,39): error CS0103: 褰撳墠涓婁笅鏂囦腑涓嶅瓨鍦ㄥ悕绉扳€淪electionRect鈥?[E:\01_浠ｇ爜浠撳簱\Github\PromptMasterv6\PromptMasterv6_palzbwfl_wpftmp.csproj]
E:\01_浠ｇ爜浠撳簱\Github\PromptMasterv6\Features\ExternalTools\ScreenCaptureOverlay.xaml.cs(142,38): error CS0103: 褰撳墠涓婁笅鏂囦腑涓嶅瓨鍦ㄥ悕绉扳€淪electionRect鈥?[E:\01_浠ｇ爜浠撳簱\Github\PromptMasterv6\PromptMasterv6_palzbwfl_wpftmp.csproj]
E:\01_浠ｇ爜浠撳簱\Github\PromptMasterv6\Features\ExternalTools\ScreenCaptureOverlay.xaml.cs(143,28): error CS0103: 褰撳墠涓婁笅鏂囦腑涓嶅瓨鍦ㄥ悕绉扳€淪electionRect鈥?[E:\01_浠ｇ爜浠撳簱\Github\PromptMasterv6\PromptMasterv6_palzbwfl_wpftmp.csproj]
E:\01_浠ｇ爜浠撳簱\Github\PromptMasterv6\Features\ExternalTools\ScreenCaptureOverlay.xaml.cs(144,29): error CS0103: 褰撳墠涓婁笅鏂囦腑涓嶅瓨鍦ㄥ悕绉扳€淪electionRect鈥?[E:\01_浠ｇ爜浠撳簱\Github\PromptMasterv6\PromptMasterv6_palzbwfl_wpftmp.csproj]
E:\01_浠ｇ爜浠撳簱\Github\PromptMasterv6\Features\ExternalTools\ScreenCaptureOverlay.xaml.cs(188,13): error CS0103: 褰撳墠涓婁笅鏂囦腑涓嶅瓨鍦ㄥ悕绉扳€淪electionCanvas鈥?[E:\01_浠ｇ爜浠撳簱\Github\PromptMasterv6\PromptMasterv6_palzbwfl_wpftmp.csproj]
E:\01_浠ｇ爜浠撳簱\Github\PromptMasterv6\Features\ExternalTools\ScreenCaptureOverlay.xaml.cs(190,43): error CS0103: 褰撳墠涓婁笅鏂囦腑涓嶅瓨鍦ㄥ悕绉扳€淪electionRect鈥?[E:\01_浠ｇ爜浠撳簱\Github\PromptMasterv6\PromptMasterv6_palzbwfl_wpftmp.csproj]
E:\01_浠ｇ爜浠撳簱\Github\PromptMasterv6\Features\ExternalTools\ScreenCaptureOverlay.xaml.cs(191,42): error CS0103: 褰撳墠涓婁笅鏂囦腑涓嶅瓨鍦ㄥ悕绉扳€淪electionRect鈥?[E:\01_浠ｇ爜浠撳簱\Github\PromptMasterv6\PromptMasterv6_palzbwfl_wpftmp.csproj]
E:\01_浠ｇ爜浠撳簱\Github\PromptMasterv6\Features\ExternalTools\ScreenCaptureOverlay.xaml.cs(192,28): error CS0103: 褰撳墠涓婁笅鏂囦腑涓嶅瓨鍦ㄥ悕绉扳€淪electionRect鈥?[E:\01_浠ｇ爜浠撳簱\Github\PromptMasterv6\PromptMasterv6_palzbwfl_wpftmp.csproj]
E:\01_浠ｇ爜浠撳簱\Github\PromptMasterv6\Features\ExternalTools\ScreenCaptureOverlay.xaml.cs(193,28): error CS0103: 褰撳墠涓婁笅鏂囦腑涓嶅瓨鍦ㄥ悕绉扳€淪electionRect鈥?[E:\01_浠ｇ爜浠撳簱\Github\PromptMasterv6\PromptMasterv6_palzbwfl_wpftmp.csproj]
E:\01_浠ｇ爜浠撳簱\Github\PromptMasterv6\Features\ExternalTools\ScreenCaptureOverlay.xaml.cs(195,13): error CS0103: 褰撳墠涓婁笅鏂囦腑涓嶅瓨鍦ㄥ悕绉扳€淪electionRect鈥?[E:\01_浠ｇ爜浠撳簱\Github\PromptMasterv6\PromptMasterv6_palzbwfl_wpftmp.csproj]
E:\01_浠ｇ爜浠撳簱\Github\PromptMasterv6\Features\ExternalTools\ScreenCaptureOverlay.xaml.cs(197,28): error CS0103: 褰撳墠涓婁笅鏂囦腑涓嶅瓨鍦ㄥ悕绉扳€淟oadingSpinner鈥?[E:\01_浠ｇ爜浠撳簱\Github\PromptMasterv6\PromptMasterv6_palzbwfl_wpftmp.csproj]
E:\01_浠ｇ爜浠撳簱\Github\PromptMasterv6\Features\ExternalTools\ScreenCaptureOverlay.xaml.cs(198,27): error CS0103: 褰撳墠涓婁笅鏂囦腑涓嶅瓨鍦ㄥ悕绉扳€淟oadingSpinner鈥?[E:\01_浠ｇ爜浠撳簱\Github\PromptMasterv6\PromptMasterv6_palzbwfl_wpftmp.csproj]
E:\01_浠ｇ爜浠撳簱\Github\PromptMasterv6\Features\ExternalTools\ScreenCaptureOverlay.xaml.cs(199,13): error CS0103: 褰撳墠涓婁笅鏂囦腑涓嶅瓨鍦ㄥ悕绉扳€淟oadingSpinner鈥?[E:\01_浠ｇ爜浠撳簱\Github\PromptMasterv6\PromptMasterv6_palzbwfl_wpftmp.csproj]
E:\01_浠ｇ爜浠撳簱\Github\PromptMasterv6\Features\Main\LaunchBarWindow.xaml.cs(23,13): error CS0103: 褰撳墠涓婁笅鏂囦腑涓嶅瓨鍦ㄥ悕绉扳€淚nitializeComponent鈥?[E:\01_浠ｇ爜浠撳簱\Github\PromptMasterv6\PromptMasterv6_palzbwfl_wpftmp.csproj]
    1 涓鍛?
    132 涓敊璇?

宸茬敤鏃堕棿 00:00:03.16
